// Vitest Snapshot v1, https://vitest.dev/guide/snapshot.html

exports[`WalletDetailAddress > should render 1`] = `
<div>
  <div
    class="no-ligatures css-19rivvh"
    data-testid="TransactionDetail"
  >
    <div
      class="flex w-full items-center justify-between space-x-4"
    >
      <div
        class="w-40 space-y-2 whitespace-nowrap sm:flex-1"
      >
        <div
          class="no-ligatures text-sm font-semibold text-theme-secondary-500 dark:text-theme-secondary-700"
        >
          Address
        </div>
        <div
          class="hidden items-center font-semibold sm:flex"
        >
          <div
            class="flex overflow-hidden whitespace-nowrap items-center space-x-2 w-full"
          >
            <span
              class="no-ligatures min-w-0 overflow-hidden text-theme-text font-semibold text-base"
              data-testid="Address__address"
            >
              D8rr7B1d6TL6pf14LgMz4sKp1VBMs6YUYD
            </span>
          </div>
        </div>
      </div>
      <div
        class="flex w-full items-center justify-end overflow-auto sm:w-auto"
      >
        <div
          class="flex w-full items-center justify-end overflow-auto pr-4 font-semibold sm:hidden"
        >
          <div
            class="w-full truncate"
          >
            <div
              class="flex overflow-hidden whitespace-nowrap items-center space-x-2 w-full"
            >
              <span
                class="no-ligatures min-w-0 overflow-hidden text-theme-text font-semibold text-base"
                data-testid="Address__address"
              >
                D8rr7B1d6TL6pf14LgMz4sKp1VBMs6YUYD
              </span>
            </div>
          </div>
        </div>
        <div
          class="flex items-center sm:hidden"
        >
          <div
            class="shrink-0 css-1vy2z2u"
            data-testid="Avatar"
          >
            <div
              class="inline-flex h-full w-full items-center justify-center overflow-hidden rounded-full align-middle"
            >
              <img
                alt="D8rr7B1d6TL6pf14LgMz4sKp1VBMs6YUYD"
                src="data:image/svg+xml;utf8,<svg version="1.1" xmlns="http://www.w3.org/2000/svg" class="picasso" width="100" height="100" viewBox="0 0 100 100"><style>.picasso circle{mix-blend-mode:soft-light;}</style><rect fill="rgb(0, 150, 136)" width="100" height="100"/><circle r="50" cx="80" cy="50" fill="rgb(76, 175, 80)"/><circle r="35" cx="100" cy="40" fill="rgb(156, 39, 176)"/><circle r="40" cx="90" cy="70" fill="rgb(3, 169, 244)"/></svg>"
                title="D8rr7B1d6TL6pf14LgMz4sKp1VBMs6YUYD"
              />
            </div>
          </div>
        </div>
        <div
          class="hidden sm:flex sm:items-center"
        >
          <div
            class="shrink-0 css-8d0u1i"
            data-testid="Avatar"
          >
            <div
              class="inline-flex h-full w-full items-center justify-center overflow-hidden rounded-full align-middle"
            >
              <img
                alt="D8rr7B1d6TL6pf14LgMz4sKp1VBMs6YUYD"
                src="data:image/svg+xml;utf8,<svg version="1.1" xmlns="http://www.w3.org/2000/svg" class="picasso" width="100" height="100" viewBox="0 0 100 100"><style>.picasso circle{mix-blend-mode:soft-light;}</style><rect fill="rgb(0, 150, 136)" width="100" height="100"/><circle r="50" cx="80" cy="50" fill="rgb(76, 175, 80)"/><circle r="35" cx="100" cy="40" fill="rgb(156, 39, 176)"/><circle r="40" cx="90" cy="70" fill="rgb(3, 169, 244)"/></svg>"
                title="D8rr7B1d6TL6pf14LgMz4sKp1VBMs6YUYD"
              />
            </div>
          </div>
        </div>
      </div>
    </div>
  </div>
</div>
`;
