// Jest Snapshot v1, https://goo.gl/fbAQLP

exports[`WalletDetailNetwork should render 1`] = `
<div>
  <div
    class="no-ligatures css-19rivvh"
    data-testid="WalletDetailNetwork"
  >
    <div
      class="flex w-full items-center justify-between space-x-4"
    >
      <div
        class="w-40 space-y-2 whitespace-nowrap sm:flex-1"
      >
        <div
          class="no-ligatures text-sm font-semibold text-theme-secondary-500 dark:text-theme-secondary-700"
        >
          Cryptoasset
        </div>
        <div
          class="hidden items-center font-semibold sm:flex"
        >
          ARK Devnet
        </div>
      </div>
      <div
        class="flex w-full items-center justify-end overflow-auto sm:w-auto"
      >
        <div
          class="flex w-full items-center justify-end overflow-auto pr-4 font-semibold sm:hidden"
        >
          <div
            class="w-full truncate"
          >
            ARK Devnet
          </div>
        </div>
        <div
          class="hidden sm:block"
        >
          <div
            aria-label="ARK Devnet"
            class="text-theme-secondary-700 border-theme-secondary-300 dark:border-theme-secondary-700 ring-theme-background duration-100 css-14jhlj1"
            data-testid="NetworkIcon-ARK-ark.devnet"
          >
            <div
              class="css-1i4b0eq"
              data-testid="NetworkIcon__icon"
              height="20"
              width="20"
            >
              <svg>
                ark.svg
              </svg>
            </div>
          </div>
        </div>
        <div
          class="flex items-center sm:hidden"
        >
          <div
            aria-label="ARK Devnet"
            class="inline-flex h-5 w-5 items-center justify-center text-theme-secondary-700 border-theme-secondary-300 dark:border-theme-secondary-700"
            data-testid="NetworkIcon-ARK-ark.devnet"
          >
            <div
              class="css-1i4b0eq"
              data-testid="NetworkIcon__icon"
              height="20"
              width="20"
            >
              <svg>
                ark.svg
              </svg>
            </div>
          </div>
        </div>
      </div>
    </div>
  </div>
</div>
`;
