// Jest Snapshot v1, https://goo.gl/fbAQLP

exports[`UnlockTokensSummary should render 1`] = `
<DocumentFragment>
  <section
    class="space-y-8"
    data-testid="TransactionSuccessful"
  >
    <div
      class="flex items-end justify-between bg-theme-background"
    >
      <div
        class="space-y-4"
      >
        <h1
          class="mb-0 text-2xl"
          data-testid="header__title"
        >
          Successfully Unlocked Balance
        </h1>
      </div>
    </div>
    <svg
      class="hidden w-full md:block"
    >
      transaction-success-banner-light-green.svg
    </svg>
    <p
      class="hidden text-theme-secondary-text md:block"
    >
      Your balance unlock transaction has been sent successfully.
    </p>
    <div
      class="flex flex-col overflow-hidden rounded-xl md:hidden"
    >
      <div
        class="css-1dwg83m"
      >
        <div
          class="css-v0ob3f"
          height="16"
          width="16"
        >
          <svg>
            circle-check-mark.svg
          </svg>
        </div>
        <span>
          Success
        </span>
      </div>
      <div
        class="css-k5jr4t"
      >
        Your balance unlock transaction has been sent successfully.
      </div>
    </div>
    <div>
      <div
        class="no-ligatures css-9iovq0"
        data-testid="TransactionDetail"
      >
        <div
          class="w-40 flex-1 space-y-2 whitespace-nowrap"
          data-testid="TransactionDetail--desktop"
        >
          <div
            class="no-ligatures text-sm font-semibold text-theme-secondary-500 dark:text-theme-secondary-700"
          >
            ID
          </div>
          <div
            class="flex items-center font-semibold"
          >
            <div
              class="flex w-full items-center space-x-3 overflow-hidden"
            >
              <span
                class="overflow-hidden"
              >
                <a
                  class="ring-focus group inline-block flex items-center css-15tcy38"
                  data-ring-focus-margin="-m-1"
                  data-testid="Link"
                  href="https://live.arkscan.io/transaction/ee4175091d9f4dacf5fed213711c3e0e4cc371e37afa7bce0429d09bcf3ecefe"
                  rel="noopener noreferrer"
                >
                  <span
                    class="css-1y2194z"
                  >
                    <span
                      class="css-0"
                      data-testid="TruncateMiddle"
                    >
                      ea63bf9a4b3eaf75a1dfff7219â€¦7facf1aef29461868681b5c79b
                    </span>
                  </span>
                  <div
                    class="mb-[3px] shrink-0 align-middle duration-200 inline-block text-sm css-v0ob3f"
                    data-testid="Link__external"
                    height="16"
                    width="16"
                  >
                    <svg>
                      arrow-external.svg
                    </svg>
                  </div>
                </a>
              </span>
              <span
                class="flex text-theme-primary-300 dark:text-theme-secondary-600"
              >
                <button
                  class="ring-focus relative focus:outline-none"
                  data-ring-focus-margin="-m-1"
                  data-testid="clipboard-icon__wrapper"
                  type="button"
                >
                  <div
                    class="css-v0ob3f"
                    height="16"
                    width="16"
                  >
                    <svg>
                      copy.svg
                    </svg>
                  </div>
                </button>
              </span>
            </div>
          </div>
        </div>
      </div>
      <div
        class="no-ligatures css-19rivvh"
        data-testid="TransactionType"
      >
        <div
          class="w-40 flex-1 space-y-2 whitespace-nowrap"
          data-testid="TransactionDetail--desktop"
        >
          <div
            class="no-ligatures text-sm font-semibold text-theme-secondary-500 dark:text-theme-secondary-700"
          >
            Transaction Type
          </div>
          <div
            class="flex items-center font-semibold"
          >
            Transfer
          </div>
        </div>
        <div
          class="border-theme-text text-theme-text dark:border-theme-secondary-600 dark:text-theme-secondary-600 ring-theme-background duration-100 css-14jhlj1"
        >
          <div
            class="css-1i4b0eq"
            height="20"
            width="20"
          >
            <svg>
              transfer.svg
            </svg>
          </div>
        </div>
      </div>
      <div
        class="no-ligatures css-19rivvh"
        data-testid="TransactionNetwork"
      >
        <div
          class="w-40 flex-1 space-y-2 whitespace-nowrap"
          data-testid="TransactionDetail--desktop"
        >
          <div
            class="no-ligatures text-sm font-semibold text-theme-secondary-500 dark:text-theme-secondary-700"
          >
            Cryptoasset
          </div>
          <div
            class="flex items-center font-semibold"
          >
            LISK Testnet
          </div>
        </div>
        <div
          aria-label="LISK Testnet"
          class="text-theme-secondary-700 border-theme-secondary-300 dark:border-theme-secondary-700 ring-theme-background duration-100 css-14jhlj1"
          data-testid="NetworkIcon-LSK-lsk.testnet"
        >
          <div
            class="css-1i4b0eq"
            data-testid="NetworkIcon__icon"
            height="20"
            width="20"
          >
            <svg>
              lsk.svg
            </svg>
          </div>
        </div>
      </div>
      <div
        class="no-ligatures css-19rivvh"
        data-testid="TransactionSender"
      >
        <div
          class="w-40 flex-1 space-y-2 whitespace-nowrap"
          data-testid="TransactionDetail--desktop"
        >
          <div
            class="no-ligatures text-sm font-semibold text-theme-secondary-500 dark:text-theme-secondary-700"
          >
            Sender
          </div>
          <div
            class="flex items-center font-semibold"
          >
            <div
              class="w-0 flex-1 overflow-auto text-right md:text-left"
            >
              <div
                class="no-ligatures flex overflow-hidden whitespace-nowrap items-center space-x-2 w-full"
              >
                <span
                  class="min-w-0 overflow-hidden text-theme-text font-semibold text-base"
                  data-testid="Address__address"
                >
                  D8rr7B1d6TL6pf14LgMz4sKp1VBMs6YUYD
                </span>
              </div>
            </div>
          </div>
        </div>
        <div
          class="flex items-center -space-x-1"
        >
          <div
            class="shrink-0 css-8d0u1i"
            data-testid="Avatar"
          >
            <div
              class="inline-flex h-full w-full items-center justify-center overflow-hidden rounded-full align-middle"
            >
              <img
                alt="D8rr7B1d6TL6pf14LgMz4sKp1VBMs6YUYD"
                src="data:image/svg+xml;utf8,<svg version=\\"1.1\\" xmlns=\\"http://www.w3.org/2000/svg\\" class=\\"picasso\\" width=\\"100\\" height=\\"100\\" viewBox=\\"0 0 100 100\\"><style>.picasso circle{mix-blend-mode:soft-light;}</style><rect fill=\\"rgb(0, 150, 136)\\" width=\\"100\\" height=\\"100\\"/><circle r=\\"50\\" cx=\\"80\\" cy=\\"50\\" fill=\\"rgb(76, 175, 80)\\"/><circle r=\\"35\\" cx=\\"100\\" cy=\\"40\\" fill=\\"rgb(156, 39, 176)\\"/><circle r=\\"40\\" cx=\\"90\\" cy=\\"70\\" fill=\\"rgb(3, 169, 244)\\"/></svg>"
                title="D8rr7B1d6TL6pf14LgMz4sKp1VBMs6YUYD"
              />
            </div>
          </div>
        </div>
      </div>
      <div
        class="no-ligatures css-19rivvh"
        data-testid="TransactionAmount"
      >
        <div
          class="w-40 flex-1 space-y-2 whitespace-nowrap"
          data-testid="TransactionDetail--desktop"
        >
          <div
            class="no-ligatures text-sm font-semibold text-theme-secondary-500 dark:text-theme-secondary-700"
          >
            Total Amount
          </div>
          <div
            class="flex items-center font-semibold"
          >
            <div
              class="css-1vb1527"
              color="success"
            >
              <div
                class="flex space-x-1 items-stretch"
              >
                <span
                  class="whitespace-nowrap"
                  data-testid="Amount"
                >
                  + 100 LSK
                </span>
              </div>
            </div>
          </div>
        </div>
        <div
          class="border-theme-success-300 text-theme-success-600 dark:border-theme-success-600 ring-theme-background duration-100 css-14jhlj1"
        >
          <div
            class="css-1i4b0eq"
            height="20"
            width="20"
          >
            <svg>
              received.svg
            </svg>
          </div>
        </div>
      </div>
      <div
        class="no-ligatures css-19rivvh"
        data-testid="TransactionFee"
      >
        <div
          class="w-40 flex-1 space-y-2 whitespace-nowrap"
          data-testid="TransactionDetail--desktop"
        >
          <div
            class="no-ligatures text-sm font-semibold text-theme-secondary-500 dark:text-theme-secondary-700"
          >
            Transaction Fee
          </div>
          <div
            class="flex items-center font-semibold"
          >
            <span
              class="whitespace-nowrap"
              data-testid="Amount"
            >
              21 LSK
            </span>
          </div>
        </div>
      </div>
      <div
        class="no-ligatures css-19rivvh"
        data-testid="TransactionTimestamp"
      >
        <div
          class="w-40 flex-1 space-y-2 whitespace-nowrap"
          data-testid="TransactionDetail--desktop"
        >
          <div
            class="no-ligatures text-sm font-semibold text-theme-secondary-500 dark:text-theme-secondary-700"
          >
            Timestamp
          </div>
          <div
            class="flex items-center font-semibold"
          >
            31.07.2020 4:34 PM
          </div>
        </div>
      </div>
    </div>
  </section>
</DocumentFragment>
`;
