// Vitest Snapshot v1, https://vitest.dev/guide/snapshot.html

exports[`UnlockTokensAuthentication > should render 1`] = `
<DocumentFragment>
  <div
    class="space-y-6"
    data-testid="AuthenticationStep"
  >
    <div
      class="flex items-end justify-between bg-theme-background"
    >
      <div
        class="space-y-2"
      >
        <div
          class="flex items-center gap-3"
        >
          <h1
            class="mb-0 text-2xl leading-[29px]"
            data-testid="header__title"
          >
            Authenticate
          </h1>
        </div>
        <div
          class="flex items-center leading-5 text-theme-secondary-text"
          data-testid="header__subtitle"
        >
          Enter your mnemonic passphrase to authenticate the transaction.
        </div>
      </div>
    </div>
    <fieldset
      class="flex min-w-0 flex-col css-1bcidjh"
    >
      <label
        class="FormLabel mb-2 flex text-sm font-semibold leading-[17px] text-theme-secondary-text transition-colors duration-100"
        data-testid="FormLabel"
        for="mnemonic"
      >
        Mnemonic
      </label>
      <div
        class="css-1q57rjh"
      >
        <div
          class="relative flex h-full flex-1"
        >
          <input
            autocomplete="off"
            class="no-ligatures w-full border-none css-1vs1awz"
            data-testid="AuthenticationStep__mnemonic"
            name="mnemonic"
            type="password"
            value=""
          />
        </div>
        <div
          class="flex items-center space-x-3 divide-x divide-theme-secondary-300 dark:divide-theme-secondary-800 text-theme-primary-300 dark:text-theme-secondary-600"
          data-testid="Input__addon-end"
        >
          <div
            class=""
          >
            <button
              class="ring-focus relative flex h-full w-full items-center justify-center text-2xl focus:outline-none"
              data-ring-focus-margin="-m-1"
              data-testid="InputPassword__toggle"
              type="button"
            >
              <div
                class="css-1i4b0eq"
                height="20"
                width="20"
              >
                <svg
                  id="eye"
                  viewBox="0 0 20 20"
                  x="0"
                  xml:space="preserve"
                  xmlns="http://www.w3.org/2000/svg"
                  y="0"
                >
                  <g
                    fill="none"
                    stroke="currentColor"
                    stroke-linecap="round"
                    stroke-linejoin="round"
                    stroke-width="2"
                  >
                    <path
                      d="M10 4.6c-3.2-.1-6.5 2.2-8.6 4.5-.5.5-.5 1.3 0 1.8 2 2.3 5.4 4.6 8.6 4.5 3.3-.1 6.5-2.3 8.6-4.5.5-.5.5-1.3 0-1.8-2.1-2.3-5.4-4.6-8.6-4.5z"
                    />
                    <path
                      d="M13 10c0 1.7-1.3 3-3 3s-3-1.3-3-3 1.3-3 3-3c1.2 0 3 .7 3 3z"
                    />
                  </g>
                </svg>
              </div>
            </button>
          </div>
        </div>
      </div>
    </fieldset>
  </div>
  <div
    class="flex justify-end space-x-3 pt-3"
  >
    <button
      class="css-6419sw"
      type="button"
    >
      <div
        class="flex items-center space-x-2"
      >
        Back
      </div>
    </button>
    <button
      class="css-fl4fi0"
      data-testid="UnlockTokensAuthentication__send"
      type="submit"
    >
      <div
        class="flex items-center space-x-2"
      >
        <span>
          Send
        </span>
        <div
          class="css-v0ob3f"
          height="16"
          width="16"
        >
          <svg
            id="double-arrow-right"
            viewBox="0 0 20 20"
            x="0"
            xml:space="preserve"
            xmlns="http://www.w3.org/2000/svg"
            y="0"
          >
            <path
              d="M1 7.744h9.013V3.832c0-.4.2-.4.5-.2 2.103 1.504 7.31 5.014 8.111 5.616.501.3.501 1.103 0 1.504-.8.602-6.008 4.212-8.11 5.616-.401.2-.501.2-.501-.2v-3.71H1"
              fill="none"
              stroke="currentColor"
              stroke-linecap="round"
              stroke-linejoin="round"
              stroke-width="2"
            />
          </svg>
        </div>
      </div>
    </button>
  </div>
</DocumentFragment>
`;
