// Vitest Snapshot v1, https://vitest.dev/guide/snapshot.html

exports[`QRFileUpload > should render 1`] = `
<DocumentFragment>
  <button
    class="px-5 py-3 text-base relative items-center inline-flex justify-center font-semibold leading-tight text-center transition-colors-shadow duration-100 ease-linear outline-none rounded focus:outline-none focus:ring-2 focus:ring-theme-primary-400 disabled:cursor-not-allowed dark:bg-theme-secondary-800 dark:text-theme-secondary-200 bg-theme-primary-100 text-theme-primary-600 hover:bg-theme-primary-700 hover:text-white dark:hover:bg-theme-primary-700 z-20 space-x-2 sm:bg-theme-secondary-800 sm:text-theme-secondary-200"
    data-testid="QRFileUpload__upload"
    type="button"
  >
    <div
      class="flex items-center space-x-2"
    >
      <div
        class="css-v0ob3f"
        height="16"
        width="16"
      >
        <svg
          id="arrow-up-bracket"
          viewBox="0 0 20 20"
          x="0"
          xml:space="preserve"
          xmlns="http://www.w3.org/2000/svg"
          y="0"
        >
          <path
            d="M19 13.4v1.9c0 2.1-1.7 3.7-3.7 3.7H4.7c-2 0-3.7-1.7-3.7-3.7v-1.9m9.05-.3V2m-4.7 4.7l4.7-4.7 4.6 4.7"
            fill="none"
            stroke="currentColor"
            stroke-linecap="round"
            stroke-linejoin="round"
            stroke-width="2"
          />
        </svg>
      </div>
      <span>
        Upload Image
      </span>
    </div>
  </button>
</DocumentFragment>
`;
