// Jest Snapshot v1, https://goo.gl/fbAQLP

exports[`PasswordRemovalConfirmModal should render 1`] = `
<DocumentFragment>
  <div
    class="overflow-overlay fixed inset-0 z-50 flex w-full overflow-y-auto bg-theme-secondary-900-rgba bg-opacity-60 dark:bg-black-rgba dark:bg-opacity-80 md:py-20"
    data-testid="Modal__overlay"
  >
    <div
      class="css-amqh1w"
      tabindex="-1"
    >
      <div
        class="relative flex min-h-full flex-col overflow-hidden bg-theme-background shadow-2xl sm:mb-0 md:h-auto md:rounded-2.5xl px-10 pt-10 pb-24 sm:pb-10"
        data-testid="Modal__inner"
      >
        <div
          class="absolute top-0 right-0 z-10 mt-5 mr-5 rounded bg-theme-primary-100 transition-all duration-100 ease-linear hover:bg-theme-primary-300 dark:bg-theme-secondary-800 dark:text-theme-secondary-600 dark:hover:bg-theme-secondary-700 dark:hover:text-theme-secondary-400"
        >
          <button
            class="h-11 w-11 css-12xyeiw"
            data-testid="Modal__close-button"
            type="button"
          >
            <div
              class="flex items-center space-x-2"
            >
              <div
                class="css-v0ob3f"
                height="16"
                width="16"
              >
                <svg>
                  cross.svg
                </svg>
              </div>
            </div>
          </button>
        </div>
        <div
          class="relative flex flex-1 flex-col space-y-4"
        >
          <h2
            class="mb-0 text-2xl font-bold"
          >
            Remove Profile Password
          </h2>
          <div
            class="flex flex-1 flex-col"
          >
            <svg
              class="my-8 mx-auto max-w-52"
            >
              trash-light.svg
            </svg>
            <div
              class="flex flex-col overflow-hidden rounded-xl"
            >
              <div
                class="css-pra96q"
              >
                <div
                  class="css-v0ob3f"
                  height="16"
                  width="16"
                >
                  <svg>
                    circle-exclamation-mark.svg
                  </svg>
                </div>
                <span>
                  Warning
                </span>
              </div>
              <div
                class="css-1pvpof3"
              >
                Removing your profile password will result in anyone with access to your device to see all your profile data. Are you sure you wish to remove it?
              </div>
            </div>
            <form
              class="mt-8 space-y-8"
              data-testid="Form"
            >
              <fieldset
                class="flex flex-col css-1bcidjh"
              >
                <label
                  class="FormLabel mb-2 flex text-sm font-semibold text-theme-secondary-text transition-colors duration-100"
                  data-testid="FormLabel"
                  for="currentPassword"
                >
                  Profile Password
                </label>
                <div
                  class="css-1psxlcd"
                >
                  <div
                    class="relative flex h-full flex-1"
                  >
                    <input
                      autocomplete="off"
                      class="no-ligatures w-full border-none css-1nupw50"
                      data-testid="PasswordRemovalConfirmModal__input-password"
                      name="currentPassword"
                      type="password"
                      value=""
                    />
                  </div>
                  <div
                    class="flex items-center space-x-3 divide-x divide-theme-secondary-300 dark:divide-theme-secondary-800 text-theme-primary-300 dark:text-theme-secondary-600"
                    data-testid="Input__addon-end"
                  >
                    <div
                      class=""
                    >
                      <button
                        class="ring-focus relative flex h-full w-full items-center justify-center text-2xl focus:outline-none"
                        data-ring-focus-margin="-m-1"
                        data-testid="InputPassword__toggle"
                        type="button"
                      >
                        <div
                          class="css-1i4b0eq"
                          height="20"
                          width="20"
                        >
                          <svg>
                            eye.svg
                          </svg>
                        </div>
                      </button>
                    </div>
                  </div>
                </div>
              </fieldset>
              <div
                class="css-1tkbsa1"
              >
                <button
                  class="css-1jhy6v9"
                  data-testid="PasswordRemovalConfirmModal__cancel"
                  type="button"
                >
                  <div
                    class="flex items-center space-x-2"
                  >
                    Cancel
                  </div>
                </button>
                <button
                  class="flex space-x-2 css-1yqe28v"
                  data-testid="PasswordRemovalConfirmModal__confirm"
                  disabled=""
                  type="submit"
                >
                  <div
                    class="flex items-center space-x-2"
                  >
                    <div
                      class="css-v0ob3f"
                      height="16"
                      width="16"
                    >
                      <svg>
                        trash.svg
                      </svg>
                    </div>
                    <span>
                      Remove
                    </span>
                  </div>
                </button>
              </div>
            </form>
          </div>
        </div>
      </div>
    </div>
  </div>
</DocumentFragment>
`;
