// Vitest Snapshot v1, https://vitest.dev/guide/snapshot.html

exports[`DevelopmentNetwork > should not render if not open 1`] = `<DocumentFragment />`;

exports[`DevelopmentNetwork > should render a modal 1`] = `
<DocumentFragment>
  <div
    class="custom-scroll overflow-overlay fixed inset-0 z-50 flex w-full overflow-y-hidden bg-theme-secondary-900-rgba/40 backdrop-blur-xl dark:bg-black-rgba/40 dark:bg-opacity-80 md:py-20"
    data-testid="Modal__overlay"
  >
    <div
      class="css-uc6ifd"
      tabindex="-1"
    >
      <div
        class="relative flex min-h-full flex-col overflow-hidden bg-theme-background shadow-2xl sm:mb-0 md:h-auto md:rounded-xl px-6 pt-4 md:p-8"
        data-testid="Modal__inner"
      >
        <div
          class="absolute right-0 top-0 z-10 mr-6 mt-4 rounded bg-theme-primary-100 transition-all duration-100 ease-linear hover:bg-theme-primary-800 hover:text-white green:hover:bg-theme-primary-700 dark:bg-theme-secondary-800 dark:text-theme-secondary-200 dark:hover:bg-theme-primary-500 dark:hover:text-white md:mr-8 md:mt-8"
        >
          <button
            class="p-3 relative items-center inline-flex justify-center font-semibold leading-tight text-center transition-colors-shadow duration-100 ease-linear outline-none rounded focus:outline-none focus:ring-2 focus:ring-theme-primary-400 disabled:cursor-not-allowed border-none h-8 w-8"
            data-testid="Modal__close-button"
            type="button"
          >
            <div
              class="flex items-center space-x-2"
            >
              <div
                class="css-v0ob3f"
                height="16"
                width="16"
              >
                <svg
                  id="cross"
                  viewBox="0 0 20 20"
                  x="0"
                  xml:space="preserve"
                  xmlns="http://www.w3.org/2000/svg"
                  y="0"
                >
                  <g
                    fill="none"
                    stroke="currentColor"
                    stroke-linecap="round"
                    stroke-linejoin="round"
                    stroke-width="2"
                  >
                    <path
                      d="M.954 18.981l18-18M18.954 18.981l-18-18"
                    />
                  </g>
                </svg>
              </div>
            </div>
          </button>
        </div>
        <div
          class="relative flex flex-1 flex-col space-y-1.5"
        >
          <h2
            class="mb-0 max-w-[calc(100%_-_32px)] text-lg font-bold md:pt-0 md:text-2xl"
          >
            Development Network
          </h2>
          <div
            class="flex flex-1 flex-col"
          >
            <div
              class="whitespace-pre-line pr-10 text-sm text-theme-secondary-text md:pr-0 md:text-base"
            >
              Disabling this setting will hide your wallets associated with development networks. Are you sure you want to continue?
            </div>
            <div
              class="css-j6ajdm"
            >
              <button
                class="px-5 py-3 space-x-3 text-base relative items-center inline-flex justify-center font-semibold leading-tight text-center transition-colors-shadow duration-100 ease-linear outline-none rounded focus:outline-none focus:ring-2 focus:ring-theme-primary-400 disabled:cursor-not-allowed dark:bg-theme-secondary-800 dark:text-theme-secondary-200 bg-theme-primary-100 text-theme-primary-600 hover:bg-theme-primary-800 green:hover:bg-theme-primary-700 hover:text-white dark:hover:bg-theme-primary-500"
                data-testid="DevelopmentNetwork__cancel-button"
                type="button"
              >
                <div
                  class="flex items-center space-x-2"
                >
                  Cancel
                </div>
              </button>
              <button
                class="px-5 py-3 space-x-3 text-base relative items-center inline-flex justify-center font-semibold leading-tight text-center transition-colors-shadow duration-100 ease-linear outline-none rounded focus:outline-none focus:ring-2 focus:ring-theme-primary-400 disabled:cursor-not-allowed text-white bg-theme-primary-600 green:hover:bg-theme-primary-700 navy:hover:bg-theme-primary-800 dark:hover:bg-theme-primary-500"
                data-testid="DevelopmentNetwork__continue-button"
                type="button"
              >
                <div
                  class="flex items-center space-x-2"
                >
                  Continue
                </div>
              </button>
            </div>
          </div>
        </div>
      </div>
    </div>
  </div>
</DocumentFragment>
`;
