// Vitest Snapshot v1, https://vitest.dev/guide/snapshot.html

exports[`WalletOverviewStep > Render step > should render 1`] = `
<DocumentFragment>
  <section
    data-testid="CreateWallet__WalletOverviewStep"
  >
    <div
      class="flex items-end justify-between bg-theme-background hidden sm:block"
    >
      <div
        class="space-y-2"
      >
        <div
          class="flex items-center gap-3"
        >
          <h1
            class="mb-0 text-2xl leading-[29px]"
            data-testid="header__title"
          >
            Your Passphrase
          </h1>
        </div>
      </div>
    </div>
    <div
      class="mt-8 space-y-8"
    >
      <div
        class="flex flex-col overflow-hidden rounded-xl mt-6"
      >
        <div
          class="css-rzhg83"
        >
          <div
            class="css-v0ob3f"
            height="16"
            width="16"
          >
            <svg
              id="circle-exclamation-mark"
              viewBox="0 0 20 20"
              x="0"
              xml:space="preserve"
              xmlns="http://www.w3.org/2000/svg"
              y="0"
            >
              <g
                fill="none"
                stroke="currentColor"
                stroke-width="2"
              >
                <circle
                  cx="10"
                  cy="10"
                  r="9"
                  stroke-miterlimit="10"
                />
                <path
                  d="M10 10.5v-5"
                  stroke-linecap="round"
                  stroke-miterlimit="10"
                />
                <path
                  d="M10 14h0"
                  stroke-linecap="round"
                  stroke-linejoin="round"
                />
              </g>
            </svg>
          </div>
          <span>
            Warning
          </span>
        </div>
        <div
          class="css-trjt6n"
        >
          You are responsible for storing and protecting this mnemonic passphrase offline. ARK Vault cannot reveal this to you at a later time. If you lose this mnemonic passphrase, you will lose your funds.
        </div>
      </div>
      <ul
        class="grid grid-cols-2 gap-x-3 gap-y-5 sm:grid-cols-4"
      >
        <li
          class="relative flex items-center rounded border border-theme-secondary-400 p-2 dark:border-theme-secondary-700 sm:p-4"
          data-testid="MnemonicList__item"
        >
          <span
            class="absolute left-0 top-0 hidden -translate-y-2 translate-x-2 bg-theme-background px-1 text-xs text-theme-secondary-700 sm:block"
          >
            1
          </span>
          <div
            class="ml-1 mr-4 block text-xs text-theme-secondary-700 sm:hidden"
          >
            1
          </div>
          <div
            class="sm:text-md text-sm"
          >
            skin
          </div>
        </li>
        <li
          class="relative flex items-center rounded border border-theme-secondary-400 p-2 dark:border-theme-secondary-700 sm:p-4"
          data-testid="MnemonicList__item"
        >
          <span
            class="absolute left-0 top-0 hidden -translate-y-2 translate-x-2 bg-theme-background px-1 text-xs text-theme-secondary-700 sm:block"
          >
            2
          </span>
          <div
            class="ml-1 mr-4 block text-xs text-theme-secondary-700 sm:hidden"
          >
            2
          </div>
          <div
            class="sm:text-md text-sm"
          >
            fortune
          </div>
        </li>
        <li
          class="relative flex items-center rounded border border-theme-secondary-400 p-2 dark:border-theme-secondary-700 sm:p-4"
          data-testid="MnemonicList__item"
        >
          <span
            class="absolute left-0 top-0 hidden -translate-y-2 translate-x-2 bg-theme-background px-1 text-xs text-theme-secondary-700 sm:block"
          >
            3
          </span>
          <div
            class="ml-1 mr-4 block text-xs text-theme-secondary-700 sm:hidden"
          >
            3
          </div>
          <div
            class="sm:text-md text-sm"
          >
            security
          </div>
        </li>
        <li
          class="relative flex items-center rounded border border-theme-secondary-400 p-2 dark:border-theme-secondary-700 sm:p-4"
          data-testid="MnemonicList__item"
        >
          <span
            class="absolute left-0 top-0 hidden -translate-y-2 translate-x-2 bg-theme-background px-1 text-xs text-theme-secondary-700 sm:block"
          >
            4
          </span>
          <div
            class="ml-1 mr-4 block text-xs text-theme-secondary-700 sm:hidden"
          >
            4
          </div>
          <div
            class="sm:text-md text-sm"
          >
            mom
          </div>
        </li>
        <li
          class="relative flex items-center rounded border border-theme-secondary-400 p-2 dark:border-theme-secondary-700 sm:p-4"
          data-testid="MnemonicList__item"
        >
          <span
            class="absolute left-0 top-0 hidden -translate-y-2 translate-x-2 bg-theme-background px-1 text-xs text-theme-secondary-700 sm:block"
          >
            5
          </span>
          <div
            class="ml-1 mr-4 block text-xs text-theme-secondary-700 sm:hidden"
          >
            5
          </div>
          <div
            class="sm:text-md text-sm"
          >
            coin
          </div>
        </li>
        <li
          class="relative flex items-center rounded border border-theme-secondary-400 p-2 dark:border-theme-secondary-700 sm:p-4"
          data-testid="MnemonicList__item"
        >
          <span
            class="absolute left-0 top-0 hidden -translate-y-2 translate-x-2 bg-theme-background px-1 text-xs text-theme-secondary-700 sm:block"
          >
            6
          </span>
          <div
            class="ml-1 mr-4 block text-xs text-theme-secondary-700 sm:hidden"
          >
            6
          </div>
          <div
            class="sm:text-md text-sm"
          >
            hurdle
          </div>
        </li>
        <li
          class="relative flex items-center rounded border border-theme-secondary-400 p-2 dark:border-theme-secondary-700 sm:p-4"
          data-testid="MnemonicList__item"
        >
          <span
            class="absolute left-0 top-0 hidden -translate-y-2 translate-x-2 bg-theme-background px-1 text-xs text-theme-secondary-700 sm:block"
          >
            7
          </span>
          <div
            class="ml-1 mr-4 block text-xs text-theme-secondary-700 sm:hidden"
          >
            7
          </div>
          <div
            class="sm:text-md text-sm"
          >
            click
          </div>
        </li>
        <li
          class="relative flex items-center rounded border border-theme-secondary-400 p-2 dark:border-theme-secondary-700 sm:p-4"
          data-testid="MnemonicList__item"
        >
          <span
            class="absolute left-0 top-0 hidden -translate-y-2 translate-x-2 bg-theme-background px-1 text-xs text-theme-secondary-700 sm:block"
          >
            8
          </span>
          <div
            class="ml-1 mr-4 block text-xs text-theme-secondary-700 sm:hidden"
          >
            8
          </div>
          <div
            class="sm:text-md text-sm"
          >
            emotion
          </div>
        </li>
        <li
          class="relative flex items-center rounded border border-theme-secondary-400 p-2 dark:border-theme-secondary-700 sm:p-4"
          data-testid="MnemonicList__item"
        >
          <span
            class="absolute left-0 top-0 hidden -translate-y-2 translate-x-2 bg-theme-background px-1 text-xs text-theme-secondary-700 sm:block"
          >
            9
          </span>
          <div
            class="ml-1 mr-4 block text-xs text-theme-secondary-700 sm:hidden"
          >
            9
          </div>
          <div
            class="sm:text-md text-sm"
          >
            heart
          </div>
        </li>
        <li
          class="relative flex items-center rounded border border-theme-secondary-400 p-2 dark:border-theme-secondary-700 sm:p-4"
          data-testid="MnemonicList__item"
        >
          <span
            class="absolute left-0 top-0 hidden -translate-y-2 translate-x-2 bg-theme-background px-1 text-xs text-theme-secondary-700 sm:block"
          >
            10
          </span>
          <div
            class="ml-1 mr-4 block text-xs text-theme-secondary-700 sm:hidden"
          >
            10
          </div>
          <div
            class="sm:text-md text-sm"
          >
            brisk
          </div>
        </li>
        <li
          class="relative flex items-center rounded border border-theme-secondary-400 p-2 dark:border-theme-secondary-700 sm:p-4"
          data-testid="MnemonicList__item"
        >
          <span
            class="absolute left-0 top-0 hidden -translate-y-2 translate-x-2 bg-theme-background px-1 text-xs text-theme-secondary-700 sm:block"
          >
            11
          </span>
          <div
            class="ml-1 mr-4 block text-xs text-theme-secondary-700 sm:hidden"
          >
            11
          </div>
          <div
            class="sm:text-md text-sm"
          >
            exact
          </div>
        </li>
        <li
          class="relative flex items-center rounded border border-theme-secondary-400 p-2 dark:border-theme-secondary-700 sm:p-4"
          data-testid="MnemonicList__item"
        >
          <span
            class="absolute left-0 top-0 hidden -translate-y-2 translate-x-2 bg-theme-background px-1 text-xs text-theme-secondary-700 sm:block"
          >
            12
          </span>
          <div
            class="ml-1 mr-4 block text-xs text-theme-secondary-700 sm:hidden"
          >
            12
          </div>
          <div
            class="sm:text-md text-sm"
          >
            rather
          </div>
        </li>
        <li
          class="relative flex items-center rounded border border-theme-secondary-400 p-2 dark:border-theme-secondary-700 sm:p-4"
          data-testid="MnemonicList__item"
        >
          <span
            class="absolute left-0 top-0 hidden -translate-y-2 translate-x-2 bg-theme-background px-1 text-xs text-theme-secondary-700 sm:block"
          >
            13
          </span>
          <div
            class="ml-1 mr-4 block text-xs text-theme-secondary-700 sm:hidden"
          >
            13
          </div>
          <div
            class="sm:text-md text-sm"
          >
            code
          </div>
        </li>
        <li
          class="relative flex items-center rounded border border-theme-secondary-400 p-2 dark:border-theme-secondary-700 sm:p-4"
          data-testid="MnemonicList__item"
        >
          <span
            class="absolute left-0 top-0 hidden -translate-y-2 translate-x-2 bg-theme-background px-1 text-xs text-theme-secondary-700 sm:block"
          >
            14
          </span>
          <div
            class="ml-1 mr-4 block text-xs text-theme-secondary-700 sm:hidden"
          >
            14
          </div>
          <div
            class="sm:text-md text-sm"
          >
            feature
          </div>
        </li>
        <li
          class="relative flex items-center rounded border border-theme-secondary-400 p-2 dark:border-theme-secondary-700 sm:p-4"
          data-testid="MnemonicList__item"
        >
          <span
            class="absolute left-0 top-0 hidden -translate-y-2 translate-x-2 bg-theme-background px-1 text-xs text-theme-secondary-700 sm:block"
          >
            15
          </span>
          <div
            class="ml-1 mr-4 block text-xs text-theme-secondary-700 sm:hidden"
          >
            15
          </div>
          <div
            class="sm:text-md text-sm"
          >
            era
          </div>
        </li>
        <li
          class="relative flex items-center rounded border border-theme-secondary-400 p-2 dark:border-theme-secondary-700 sm:p-4"
          data-testid="MnemonicList__item"
        >
          <span
            class="absolute left-0 top-0 hidden -translate-y-2 translate-x-2 bg-theme-background px-1 text-xs text-theme-secondary-700 sm:block"
          >
            16
          </span>
          <div
            class="ml-1 mr-4 block text-xs text-theme-secondary-700 sm:hidden"
          >
            16
          </div>
          <div
            class="sm:text-md text-sm"
          >
            leopard
          </div>
        </li>
        <li
          class="relative flex items-center rounded border border-theme-secondary-400 p-2 dark:border-theme-secondary-700 sm:p-4"
          data-testid="MnemonicList__item"
        >
          <span
            class="absolute left-0 top-0 hidden -translate-y-2 translate-x-2 bg-theme-background px-1 text-xs text-theme-secondary-700 sm:block"
          >
            17
          </span>
          <div
            class="ml-1 mr-4 block text-xs text-theme-secondary-700 sm:hidden"
          >
            17
          </div>
          <div
            class="sm:text-md text-sm"
          >
            grocery
          </div>
        </li>
        <li
          class="relative flex items-center rounded border border-theme-secondary-400 p-2 dark:border-theme-secondary-700 sm:p-4"
          data-testid="MnemonicList__item"
        >
          <span
            class="absolute left-0 top-0 hidden -translate-y-2 translate-x-2 bg-theme-background px-1 text-xs text-theme-secondary-700 sm:block"
          >
            18
          </span>
          <div
            class="ml-1 mr-4 block text-xs text-theme-secondary-700 sm:hidden"
          >
            18
          </div>
          <div
            class="sm:text-md text-sm"
          >
            tide
          </div>
        </li>
        <li
          class="relative flex items-center rounded border border-theme-secondary-400 p-2 dark:border-theme-secondary-700 sm:p-4"
          data-testid="MnemonicList__item"
        >
          <span
            class="absolute left-0 top-0 hidden -translate-y-2 translate-x-2 bg-theme-background px-1 text-xs text-theme-secondary-700 sm:block"
          >
            19
          </span>
          <div
            class="ml-1 mr-4 block text-xs text-theme-secondary-700 sm:hidden"
          >
            19
          </div>
          <div
            class="sm:text-md text-sm"
          >
            gift
          </div>
        </li>
        <li
          class="relative flex items-center rounded border border-theme-secondary-400 p-2 dark:border-theme-secondary-700 sm:p-4"
          data-testid="MnemonicList__item"
        >
          <span
            class="absolute left-0 top-0 hidden -translate-y-2 translate-x-2 bg-theme-background px-1 text-xs text-theme-secondary-700 sm:block"
          >
            20
          </span>
          <div
            class="ml-1 mr-4 block text-xs text-theme-secondary-700 sm:hidden"
          >
            20
          </div>
          <div
            class="sm:text-md text-sm"
          >
            power
          </div>
        </li>
        <li
          class="relative flex items-center rounded border border-theme-secondary-400 p-2 dark:border-theme-secondary-700 sm:p-4"
          data-testid="MnemonicList__item"
        >
          <span
            class="absolute left-0 top-0 hidden -translate-y-2 translate-x-2 bg-theme-background px-1 text-xs text-theme-secondary-700 sm:block"
          >
            21
          </span>
          <div
            class="ml-1 mr-4 block text-xs text-theme-secondary-700 sm:hidden"
          >
            21
          </div>
          <div
            class="sm:text-md text-sm"
          >
            lawsuit
          </div>
        </li>
        <li
          class="relative flex items-center rounded border border-theme-secondary-400 p-2 dark:border-theme-secondary-700 sm:p-4"
          data-testid="MnemonicList__item"
        >
          <span
            class="absolute left-0 top-0 hidden -translate-y-2 translate-x-2 bg-theme-background px-1 text-xs text-theme-secondary-700 sm:block"
          >
            22
          </span>
          <div
            class="ml-1 mr-4 block text-xs text-theme-secondary-700 sm:hidden"
          >
            22
          </div>
          <div
            class="sm:text-md text-sm"
          >
            sight
          </div>
        </li>
        <li
          class="relative flex items-center rounded border border-theme-secondary-400 p-2 dark:border-theme-secondary-700 sm:p-4"
          data-testid="MnemonicList__item"
        >
          <span
            class="absolute left-0 top-0 hidden -translate-y-2 translate-x-2 bg-theme-background px-1 text-xs text-theme-secondary-700 sm:block"
          >
            23
          </span>
          <div
            class="ml-1 mr-4 block text-xs text-theme-secondary-700 sm:hidden"
          >
            23
          </div>
          <div
            class="sm:text-md text-sm"
          >
            vehicle
          </div>
        </li>
        <li
          class="relative flex items-center rounded border border-theme-secondary-400 p-2 dark:border-theme-secondary-700 sm:p-4"
          data-testid="MnemonicList__item"
        >
          <span
            class="absolute left-0 top-0 hidden -translate-y-2 translate-x-2 bg-theme-background px-1 text-xs text-theme-secondary-700 sm:block"
          >
            24
          </span>
          <div
            class="ml-1 mr-4 block text-xs text-theme-secondary-700 sm:hidden"
          >
            24
          </div>
          <div
            class="sm:text-md text-sm"
          >
            coin
          </div>
        </li>
      </ul>
      <div
        class="-mx-8 space-y-2 bg-theme-secondary-100 p-6 text-center dark:bg-black sm:mx-0 sm:rounded-xl sm:text-left"
      >
        <span
          class="text-lg font-semibold text-theme-secondary-text"
        >
          Copy or Download Mnemonic
        </span>
        <p
          class="text-sm text-theme-secondary-500"
        >
          You can copy or download your mnemonic, but store it safely.
        </p>
        <div
          class="flex items-center justify-center space-x-3 sm:justify-start"
        >
          <button
            class="ring-focus relative focus:outline-none"
            data-ring-focus-margin="-m-1"
            data-testid="clipboard-icon__wrapper"
            type="button"
          >
            <div
              class="flex items-center space-x-2 font-semibold link"
            >
              <div
                class="css-v0ob3f"
                height="16"
                width="16"
              >
                <svg
                  id="copy"
                  viewBox="0 0 20 20"
                  x="0"
                  xml:space="preserve"
                  xmlns="http://www.w3.org/2000/svg"
                  y="0"
                >
                  <g
                    fill="none"
                    stroke="currentColor"
                    stroke-linecap="round"
                    stroke-linejoin="round"
                    stroke-width="2"
                  >
                    <path
                      d="M7 17.765C7 18.485 7.496 19 8.09 19h-.099 8.82c.694 0 1.189-.618 1.189-1.235V6.235C18 5.515 17.405 5 16.81 5h0-6.242c-.298 0-.595.103-.892.309l-2.379 2.47C7 8.09 7 8.397 7 8.706v9.059z"
                    />
                    <path
                      d="M13 5V2.235C13 1.515 12.405 1 11.81 1h0-6.242c-.298 0-.595.103-.892.309l-2.379 2.47C2 4.09 2 4.397 2 4.706v9.059C2 14.485 2.496 15 3.09 15h-.099H7"
                    />
                  </g>
                </svg>
              </div>
              <span>
                Copy
              </span>
            </div>
          </button>
          <div
            class="border-theme-secondary-300 dark:border-theme-secondary-800 css-1aie31u"
            type="vertical"
          />
          <button
            class="flex items-center space-x-2 font-semibold link"
            data-testid="CopyOrDownload__download"
            type="button"
          >
            <div
              class="css-v0ob3f"
              height="16"
              width="16"
            >
              <svg
                id="arrow-down-bracket"
                viewBox="0 0 20 20"
                x="0"
                xml:space="preserve"
                xmlns="http://www.w3.org/2000/svg"
                y="0"
              >
                <path
                  d="M19 13.4v1.9c0 2.1-1.7 3.7-3.7 3.7H4.7c-2 0-3.7-1.7-3.7-3.7v-1.9M9.95 2v11.1m4.7-4.7l-4.7 4.7-4.6-4.7"
                  fill="none"
                  stroke="currentColor"
                  stroke-linecap="round"
                  stroke-linejoin="round"
                  stroke-width="2"
                />
              </svg>
            </div>
            <span>
              Download
            </span>
          </button>
        </div>
      </div>
      <div
        class="flex w-full flex-col space-y-2"
      >
        <div
          class="flex items-center justify-between space-x-5"
        >
          <span
            class="font-bold text-theme-secondary-text"
          >
            Use Wallet Encryption
          </span>
          <span
            data-testid="CreateWallet__encryption"
          >
            <label
              class="css-xklln0"
            >
              <input
                class="css-1r71f0z toggle-input"
                data-testid="CreateWallet__encryption-toggle"
                type="checkbox"
              />
              <div
                class="css-d8rk4r toggle-handle"
              >
                <span
                  class="css-st84t0"
                />
              </div>
            </label>
          </span>
        </div>
        <span
          class="mr-12 text-sm text-theme-secondary-500"
        >
          Set an encryption password to use in place of your mnemonic passphrase. Note that you must still record and keep your mnemonic passphrase safe as losing this will result in you losing all access to your funds.
        </span>
      </div>
    </div>
  </section>
</DocumentFragment>
`;
