// Jest Snapshot v1, https://goo.gl/fbAQLP

exports[`TransactionMemo should render 1`] = `
<div>
  <div
    class="no-ligatures css-19rivvh"
    data-testid="TransactionMemo"
  >
    <div
      class="w-40 flex-1 space-y-2 whitespace-nowrap"
      data-testid="TransactionDetail--desktop"
    >
      <div
        class="no-ligatures text-sm font-semibold text-theme-secondary-500 dark:text-theme-secondary-700"
      >
        Memo
      </div>
      <div
        class="flex items-center font-semibold"
      >
        <p
          class="whitespace-pre-line break-all"
        >
          test memo
        </p>
      </div>
    </div>
    <div
      class="flex justify-center text-theme-secondary-900 dark:text-theme-secondary-600 md:px-3"
    >
      <div
        class="css-1i4b0eq"
        height="20"
        width="20"
      >
        <svg>
          file-lines.svg
        </svg>
      </div>
    </div>
  </div>
</div>
`;
