// Vitest Snapshot v1, https://vitest.dev/guide/snapshot.html

exports[`MnemonicList > should render 1`] = `
<DocumentFragment>
  <ul
    class="grid grid-cols-2 gap-x-3 gap-y-5 sm:grid-cols-4"
  >
    <li
      class="relative flex items-center rounded border border-theme-secondary-400 p-2 dark:border-theme-secondary-700 sm:p-4"
      data-testid="MnemonicList__item"
    >
      <span
        class="absolute top-0 left-0 hidden translate-x-2 -translate-y-2 bg-theme-background px-1 text-xs text-theme-secondary-700 sm:block"
      >
        1
      </span>
      <div
        class="ml-1 mr-4 block text-xs text-theme-secondary-700 sm:hidden"
      >
        1
      </div>
      <div
        class="sm:text-md text-sm"
      >
        stomach
      </div>
    </li>
    <li
      class="relative flex items-center rounded border border-theme-secondary-400 p-2 dark:border-theme-secondary-700 sm:p-4"
      data-testid="MnemonicList__item"
    >
      <span
        class="absolute top-0 left-0 hidden translate-x-2 -translate-y-2 bg-theme-background px-1 text-xs text-theme-secondary-700 sm:block"
      >
        2
      </span>
      <div
        class="ml-1 mr-4 block text-xs text-theme-secondary-700 sm:hidden"
      >
        2
      </div>
      <div
        class="sm:text-md text-sm"
      >
        practice
      </div>
    </li>
    <li
      class="relative flex items-center rounded border border-theme-secondary-400 p-2 dark:border-theme-secondary-700 sm:p-4"
      data-testid="MnemonicList__item"
    >
      <span
        class="absolute top-0 left-0 hidden translate-x-2 -translate-y-2 bg-theme-background px-1 text-xs text-theme-secondary-700 sm:block"
      >
        3
      </span>
      <div
        class="ml-1 mr-4 block text-xs text-theme-secondary-700 sm:hidden"
      >
        3
      </div>
      <div
        class="sm:text-md text-sm"
      >
        violin
      </div>
    </li>
    <li
      class="relative flex items-center rounded border border-theme-secondary-400 p-2 dark:border-theme-secondary-700 sm:p-4"
      data-testid="MnemonicList__item"
    >
      <span
        class="absolute top-0 left-0 hidden translate-x-2 -translate-y-2 bg-theme-background px-1 text-xs text-theme-secondary-700 sm:block"
      >
        4
      </span>
      <div
        class="ml-1 mr-4 block text-xs text-theme-secondary-700 sm:hidden"
      >
        4
      </div>
      <div
        class="sm:text-md text-sm"
      >
        later
      </div>
    </li>
    <li
      class="relative flex items-center rounded border border-theme-secondary-400 p-2 dark:border-theme-secondary-700 sm:p-4"
      data-testid="MnemonicList__item"
    >
      <span
        class="absolute top-0 left-0 hidden translate-x-2 -translate-y-2 bg-theme-background px-1 text-xs text-theme-secondary-700 sm:block"
      >
        5
      </span>
      <div
        class="ml-1 mr-4 block text-xs text-theme-secondary-700 sm:hidden"
      >
        5
      </div>
      <div
        class="sm:text-md text-sm"
      >
        term
      </div>
    </li>
    <li
      class="relative flex items-center rounded border border-theme-secondary-400 p-2 dark:border-theme-secondary-700 sm:p-4"
      data-testid="MnemonicList__item"
    >
      <span
        class="absolute top-0 left-0 hidden translate-x-2 -translate-y-2 bg-theme-background px-1 text-xs text-theme-secondary-700 sm:block"
      >
        6
      </span>
      <div
        class="ml-1 mr-4 block text-xs text-theme-secondary-700 sm:hidden"
      >
        6
      </div>
      <div
        class="sm:text-md text-sm"
      >
        trend
      </div>
    </li>
    <li
      class="relative flex items-center rounded border border-theme-secondary-400 p-2 dark:border-theme-secondary-700 sm:p-4"
      data-testid="MnemonicList__item"
    >
      <span
        class="absolute top-0 left-0 hidden translate-x-2 -translate-y-2 bg-theme-background px-1 text-xs text-theme-secondary-700 sm:block"
      >
        7
      </span>
      <div
        class="ml-1 mr-4 block text-xs text-theme-secondary-700 sm:hidden"
      >
        7
      </div>
      <div
        class="sm:text-md text-sm"
      >
        suit
      </div>
    </li>
    <li
      class="relative flex items-center rounded border border-theme-secondary-400 p-2 dark:border-theme-secondary-700 sm:p-4"
      data-testid="MnemonicList__item"
    >
      <span
        class="absolute top-0 left-0 hidden translate-x-2 -translate-y-2 bg-theme-background px-1 text-xs text-theme-secondary-700 sm:block"
      >
        8
      </span>
      <div
        class="ml-1 mr-4 block text-xs text-theme-secondary-700 sm:hidden"
      >
        8
      </div>
      <div
        class="sm:text-md text-sm"
      >
        switch
      </div>
    </li>
    <li
      class="relative flex items-center rounded border border-theme-secondary-400 p-2 dark:border-theme-secondary-700 sm:p-4"
      data-testid="MnemonicList__item"
    >
      <span
        class="absolute top-0 left-0 hidden translate-x-2 -translate-y-2 bg-theme-background px-1 text-xs text-theme-secondary-700 sm:block"
      >
        9
      </span>
      <div
        class="ml-1 mr-4 block text-xs text-theme-secondary-700 sm:hidden"
      >
        9
      </div>
      <div
        class="sm:text-md text-sm"
      >
        inch
      </div>
    </li>
    <li
      class="relative flex items-center rounded border border-theme-secondary-400 p-2 dark:border-theme-secondary-700 sm:p-4"
      data-testid="MnemonicList__item"
    >
      <span
        class="absolute top-0 left-0 hidden translate-x-2 -translate-y-2 bg-theme-background px-1 text-xs text-theme-secondary-700 sm:block"
      >
        10
      </span>
      <div
        class="ml-1 mr-4 block text-xs text-theme-secondary-700 sm:hidden"
      >
        10
      </div>
      <div
        class="sm:text-md text-sm"
      >
        theory
      </div>
    </li>
    <li
      class="relative flex items-center rounded border border-theme-secondary-400 p-2 dark:border-theme-secondary-700 sm:p-4"
      data-testid="MnemonicList__item"
    >
      <span
        class="absolute top-0 left-0 hidden translate-x-2 -translate-y-2 bg-theme-background px-1 text-xs text-theme-secondary-700 sm:block"
      >
        11
      </span>
      <div
        class="ml-1 mr-4 block text-xs text-theme-secondary-700 sm:hidden"
      >
        11
      </div>
      <div
        class="sm:text-md text-sm"
      >
        hundred
      </div>
    </li>
    <li
      class="relative flex items-center rounded border border-theme-secondary-400 p-2 dark:border-theme-secondary-700 sm:p-4"
      data-testid="MnemonicList__item"
    >
      <span
        class="absolute top-0 left-0 hidden translate-x-2 -translate-y-2 bg-theme-background px-1 text-xs text-theme-secondary-700 sm:block"
      >
        12
      </span>
      <div
        class="ml-1 mr-4 block text-xs text-theme-secondary-700 sm:hidden"
      >
        12
      </div>
      <div
        class="sm:text-md text-sm"
      >
        system
      </div>
    </li>
  </ul>
</DocumentFragment>
`;

exports[`MnemonicList > should render with special delimiter 1`] = `
<DocumentFragment>
  <ul
    class="grid grid-cols-2 gap-x-3 gap-y-5 sm:grid-cols-4"
  >
    <li
      class="relative flex items-center rounded border border-theme-secondary-400 p-2 dark:border-theme-secondary-700 sm:p-4"
      data-testid="MnemonicList__item"
    >
      <span
        class="absolute top-0 left-0 hidden translate-x-2 -translate-y-2 bg-theme-background px-1 text-xs text-theme-secondary-700 sm:block"
      >
        1
      </span>
      <div
        class="ml-1 mr-4 block text-xs text-theme-secondary-700 sm:hidden"
      >
        1
      </div>
      <div
        class="sm:text-md text-sm"
      >
        あさい
      </div>
    </li>
    <li
      class="relative flex items-center rounded border border-theme-secondary-400 p-2 dark:border-theme-secondary-700 sm:p-4"
      data-testid="MnemonicList__item"
    >
      <span
        class="absolute top-0 left-0 hidden translate-x-2 -translate-y-2 bg-theme-background px-1 text-xs text-theme-secondary-700 sm:block"
      >
        2
      </span>
      <div
        class="ml-1 mr-4 block text-xs text-theme-secondary-700 sm:hidden"
      >
        2
      </div>
      <div
        class="sm:text-md text-sm"
      >
        せつでん
      </div>
    </li>
    <li
      class="relative flex items-center rounded border border-theme-secondary-400 p-2 dark:border-theme-secondary-700 sm:p-4"
      data-testid="MnemonicList__item"
    >
      <span
        class="absolute top-0 left-0 hidden translate-x-2 -translate-y-2 bg-theme-background px-1 text-xs text-theme-secondary-700 sm:block"
      >
        3
      </span>
      <div
        class="ml-1 mr-4 block text-xs text-theme-secondary-700 sm:hidden"
      >
        3
      </div>
      <div
        class="sm:text-md text-sm"
      >
        さいかい
      </div>
    </li>
    <li
      class="relative flex items-center rounded border border-theme-secondary-400 p-2 dark:border-theme-secondary-700 sm:p-4"
      data-testid="MnemonicList__item"
    >
      <span
        class="absolute top-0 left-0 hidden translate-x-2 -translate-y-2 bg-theme-background px-1 text-xs text-theme-secondary-700 sm:block"
      >
        4
      </span>
      <div
        class="ml-1 mr-4 block text-xs text-theme-secondary-700 sm:hidden"
      >
        4
      </div>
      <div
        class="sm:text-md text-sm"
      >
        にんち
      </div>
    </li>
    <li
      class="relative flex items-center rounded border border-theme-secondary-400 p-2 dark:border-theme-secondary-700 sm:p-4"
      data-testid="MnemonicList__item"
    >
      <span
        class="absolute top-0 left-0 hidden translate-x-2 -translate-y-2 bg-theme-background px-1 text-xs text-theme-secondary-700 sm:block"
      >
        5
      </span>
      <div
        class="ml-1 mr-4 block text-xs text-theme-secondary-700 sm:hidden"
      >
        5
      </div>
      <div
        class="sm:text-md text-sm"
      >
        たんけん
      </div>
    </li>
    <li
      class="relative flex items-center rounded border border-theme-secondary-400 p-2 dark:border-theme-secondary-700 sm:p-4"
      data-testid="MnemonicList__item"
    >
      <span
        class="absolute top-0 left-0 hidden translate-x-2 -translate-y-2 bg-theme-background px-1 text-xs text-theme-secondary-700 sm:block"
      >
        6
      </span>
      <div
        class="ml-1 mr-4 block text-xs text-theme-secondary-700 sm:hidden"
      >
        6
      </div>
      <div
        class="sm:text-md text-sm"
      >
        ぬまえび
      </div>
    </li>
    <li
      class="relative flex items-center rounded border border-theme-secondary-400 p-2 dark:border-theme-secondary-700 sm:p-4"
      data-testid="MnemonicList__item"
    >
      <span
        class="absolute top-0 left-0 hidden translate-x-2 -translate-y-2 bg-theme-background px-1 text-xs text-theme-secondary-700 sm:block"
      >
        7
      </span>
      <div
        class="ml-1 mr-4 block text-xs text-theme-secondary-700 sm:hidden"
      >
        7
      </div>
      <div
        class="sm:text-md text-sm"
      >
        こうじ
      </div>
    </li>
    <li
      class="relative flex items-center rounded border border-theme-secondary-400 p-2 dark:border-theme-secondary-700 sm:p-4"
      data-testid="MnemonicList__item"
    >
      <span
        class="absolute top-0 left-0 hidden translate-x-2 -translate-y-2 bg-theme-background px-1 text-xs text-theme-secondary-700 sm:block"
      >
        8
      </span>
      <div
        class="ml-1 mr-4 block text-xs text-theme-secondary-700 sm:hidden"
      >
        8
      </div>
      <div
        class="sm:text-md text-sm"
      >
        こっか
      </div>
    </li>
    <li
      class="relative flex items-center rounded border border-theme-secondary-400 p-2 dark:border-theme-secondary-700 sm:p-4"
      data-testid="MnemonicList__item"
    >
      <span
        class="absolute top-0 left-0 hidden translate-x-2 -translate-y-2 bg-theme-background px-1 text-xs text-theme-secondary-700 sm:block"
      >
        9
      </span>
      <div
        class="ml-1 mr-4 block text-xs text-theme-secondary-700 sm:hidden"
      >
        9
      </div>
      <div
        class="sm:text-md text-sm"
      >
        はあく
      </div>
    </li>
    <li
      class="relative flex items-center rounded border border-theme-secondary-400 p-2 dark:border-theme-secondary-700 sm:p-4"
      data-testid="MnemonicList__item"
    >
      <span
        class="absolute top-0 left-0 hidden translate-x-2 -translate-y-2 bg-theme-background px-1 text-xs text-theme-secondary-700 sm:block"
      >
        10
      </span>
      <div
        class="ml-1 mr-4 block text-xs text-theme-secondary-700 sm:hidden"
      >
        10
      </div>
      <div
        class="sm:text-md text-sm"
      >
        げきか
      </div>
    </li>
    <li
      class="relative flex items-center rounded border border-theme-secondary-400 p-2 dark:border-theme-secondary-700 sm:p-4"
      data-testid="MnemonicList__item"
    >
      <span
        class="absolute top-0 left-0 hidden translate-x-2 -translate-y-2 bg-theme-background px-1 text-xs text-theme-secondary-700 sm:block"
      >
        11
      </span>
      <div
        class="ml-1 mr-4 block text-xs text-theme-secondary-700 sm:hidden"
      >
        11
      </div>
      <div
        class="sm:text-md text-sm"
      >
        ふめつ
      </div>
    </li>
    <li
      class="relative flex items-center rounded border border-theme-secondary-400 p-2 dark:border-theme-secondary-700 sm:p-4"
      data-testid="MnemonicList__item"
    >
      <span
        class="absolute top-0 left-0 hidden translate-x-2 -translate-y-2 bg-theme-background px-1 text-xs text-theme-secondary-700 sm:block"
      >
        12
      </span>
      <div
        class="ml-1 mr-4 block text-xs text-theme-secondary-700 sm:hidden"
      >
        12
      </div>
      <div
        class="sm:text-md text-sm"
      >
        ちらし
      </div>
    </li>
  </ul>
</DocumentFragment>
`;
