// Vitest Snapshot v1

exports[`Input > should render as custom element 1`] = `
<DocumentFragment>
  <div
    class="css-1psxlcd"
  >
    <div
      class="relative flex h-full flex-1"
    >
      <select
        autocomplete="off"
        class="no-ligatures w-full border-none css-1nupw50"
        data-testid="Input"
        type="text"
      />
    </div>
  </div>
</DocumentFragment>
`;

exports[`Input > should render as textarea 1`] = `
<DocumentFragment>
  <div
    class="css-15amhun"
  >
    <div
      class="relative flex h-full flex-1"
    >
      <input
        autocomplete="off"
        class="no-ligatures w-full border-none css-1nupw50"
        data-testid="Input"
        type="text"
        value=""
      />
    </div>
  </div>
</DocumentFragment>
`;

exports[`Input > should render disabled 1`] = `
<DocumentFragment>
  <div
    class="css-n29l73"
    disabled=""
  >
    <div
      class="relative flex h-full flex-1"
    >
      <input
        autocomplete="off"
        class="no-ligatures w-full border-none text-theme-secondary-text css-1nupw50"
        data-testid="Input"
        disabled=""
        type="text"
        value=""
      />
    </div>
  </div>
</DocumentFragment>
`;

exports[`Input > should render invalid 1`] = `
<DocumentFragment>
  <div
    class="css-px3dod"
  >
    <div
      class="relative flex h-full flex-1"
    >
      <input
        aria-invalid="true"
        autocomplete="off"
        class="no-ligatures w-full border-none css-1nupw50"
        data-testid="Input"
        type="text"
        value=""
      />
    </div>
    <div
      class="flex items-center space-x-3 divide-x divide-theme-secondary-300 dark:divide-theme-secondary-800 text-theme-danger-500"
      data-testid="Input__addon-end"
    >
      <span
        data-errortext="Field invalid"
        data-testid="Input__error"
      >
        <div
          class="text-theme-danger-500 css-1i4b0eq"
          height="20"
          width="20"
        >
          <svg
            id="circle-exclamation-mark"
            viewBox="0 0 20 20"
            x="0"
            xml:space="preserve"
            xmlns="http://www.w3.org/2000/svg"
            y="0"
          >
            <g
              fill="none"
              stroke="currentColor"
              stroke-width="2"
            >
              <circle
                cx="10"
                cy="10"
                r="9"
                stroke-miterlimit="10"
              />
              <path
                d="M10 10.5v-5"
                stroke-linecap="round"
                stroke-miterlimit="10"
              />
              <path
                d="M10 14h0"
                stroke-linecap="round"
                stroke-linejoin="round"
              />
            </g>
          </svg>
        </div>
      </span>
    </div>
  </div>
</DocumentFragment>
`;

exports[`Input > should render invalid and disabled 1`] = `
<DocumentFragment>
  <div
    class="css-1by871c"
    disabled=""
  >
    <div
      class="relative flex h-full flex-1"
    >
      <input
        aria-invalid="true"
        autocomplete="off"
        class="no-ligatures w-full border-none text-theme-secondary-text css-1nupw50"
        data-testid="Input"
        disabled=""
        type="text"
        value=""
      />
    </div>
    <div
      class="flex items-center space-x-3 divide-x divide-theme-secondary-300 dark:divide-theme-secondary-800 text-theme-danger-500"
      data-testid="Input__addon-end"
    >
      <span
        data-errortext="Field invalid and disabled"
        data-testid="Input__error"
      >
        <div
          class="text-theme-danger-500 css-1i4b0eq"
          height="20"
          width="20"
        >
          <svg
            id="circle-exclamation-mark"
            viewBox="0 0 20 20"
            x="0"
            xml:space="preserve"
            xmlns="http://www.w3.org/2000/svg"
            y="0"
          >
            <g
              fill="none"
              stroke="currentColor"
              stroke-width="2"
            >
              <circle
                cx="10"
                cy="10"
                r="9"
                stroke-miterlimit="10"
              />
              <path
                d="M10 10.5v-5"
                stroke-linecap="round"
                stroke-miterlimit="10"
              />
              <path
                d="M10 14h0"
                stroke-linecap="round"
                stroke-linejoin="round"
              />
            </g>
          </svg>
        </div>
      </span>
    </div>
  </div>
</DocumentFragment>
`;

exports[`Input > should render when isCompact = false 1`] = `
<DocumentFragment>
  <div
    class="css-1psxlcd"
  >
    <div
      class="relative flex h-full flex-1"
    >
      <input
        autocomplete="off"
        class="no-ligatures w-full border-none css-1nupw50"
        data-testid="Input"
        type="text"
        value=""
      />
    </div>
  </div>
</DocumentFragment>
`;

exports[`Input > should render when isCompact = true 1`] = `
<DocumentFragment>
  <div
    class="css-6zwcjo"
  >
    <div
      class="relative flex h-full flex-1"
    >
      <input
        autocomplete="off"
        class="no-ligatures w-full border-none css-1nupw50"
        data-testid="Input"
        type="text"
        value=""
      />
    </div>
  </div>
</DocumentFragment>
`;

exports[`Input > should render with addons 1`] = `
<DocumentFragment>
  <div
    class="css-1psxlcd"
  >
    <span>
      start
    </span>
    <div
      class="relative flex h-full flex-1"
    >
      <input
        autocomplete="off"
        class="no-ligatures w-full border-none css-1nupw50"
        data-testid="Input"
        type="text"
        value=""
      />
    </div>
    <div
      class="flex items-center space-x-3 divide-x divide-theme-secondary-300 dark:divide-theme-secondary-800 text-theme-primary-300 dark:text-theme-secondary-600 some-class-name"
      data-testid="Input__addon-end"
    >
      <div
        class=""
      >
        <span>
          end
        </span>
      </div>
    </div>
  </div>
</DocumentFragment>
`;

exports[`Input > should render with focus 1`] = `
<DocumentFragment>
  <div
    class="css-1psxlcd"
  >
    <div
      class="relative flex h-full flex-1"
    >
      <input
        autocomplete="off"
        class="no-ligatures w-full border-none css-1nupw50"
        data-testid="Input"
        type="text"
        value=""
      />
    </div>
  </div>
</DocumentFragment>
`;

exports[`Input > should render with suggestion 1`] = `
<DocumentFragment>
  <div
    class="invisible fixed w-auto whitespace-nowrap"
  >
    â€¦
  </div>
  <div
    class="css-1psxlcd"
  >
    <div
      class="relative flex h-full flex-1"
    >
      <input
        autocomplete="off"
        class="no-ligatures w-full border-none css-1nupw50"
        data-testid="Input"
        type="text"
        value=""
      />
      <span
        class="pointer-events-none absolute inset-y-0 flex w-full items-center font-normal opacity-50"
        data-testid="Input__suggestion"
      >
        <span
          class="truncate"
        >
          suggestion
        </span>
      </span>
    </div>
  </div>
</DocumentFragment>
`;
