// Jest Snapshot v1, https://goo.gl/fbAQLP

exports[`RouterView should render 1`] = `
<DocumentFragment>
  <div
    class="css-0"
    data-testid="RouterView__wrapper"
  >
    <h1>
      Test
    </h1>
  </div>
</DocumentFragment>
`;
