// Vitest Snapshot v1, https://vitest.dev/guide/snapshot.html

exports[`TransactionExplorerLink > should render a transaction link 1`] = `
<div>
  <div
    class="no-ligatures css-qu17s6"
    data-testid="TransactionDetail"
  >
    <div
      class="w-40 flex-1 space-y-2 whitespace-nowrap"
      data-testid="TransactionDetail--desktop"
    >
      <div
        class="no-ligatures text-sm font-semibold text-theme-secondary-500 dark:text-theme-secondary-700"
      >
        ID
      </div>
      <div
        class="flex items-center font-semibold"
      >
        <div
          class="flex w-full items-center space-x-3 overflow-hidden"
        >
          <span
            class="overflow-hidden"
          >
            <a
              class="ring-focus group/inner inline-block flex items-center css-7nwwrh"
              data-ring-focus-margin="-m-1"
              data-testid="Link"
              href="transaction-link"
              rel="noopener noreferrer"
            >
              <span
                class="css-bxx244"
              >
                <span
                  class="no-ligatures css-0"
                  data-testid="TruncateMiddle"
                >
                  test-id
                </span>
              </span>
              <div
                class="mb-[3px] shrink-0 align-middle duration-200 inline-block text-sm css-v0ob3f"
                data-testid="Link__external"
                height="16"
                width="16"
              >
                <svg
                  id="arrow-external"
                  viewBox="0 0 20 20"
                  x="0"
                  xml:space="preserve"
                  xmlns="http://www.w3.org/2000/svg"
                  y="0"
                >
                  <path
                    d="M18.999 6.43V1h-5.43m5.43 0L7.033 12.966M9.749 4h-7.5c-.625 0-1.25.625-1.25 1.25v12.5c0 .625.625 1.25 1.25 1.25h12.5c.625 0 1.25-.625 1.25-1.25v-7.5"
                    fill="none"
                    stroke="currentColor"
                    stroke-linecap="round"
                    stroke-linejoin="round"
                    stroke-width="2"
                  />
                </svg>
              </div>
            </a>
          </span>
          <span
            class="flex text-theme-primary-300 dark:text-theme-secondary-600"
          >
            <button
              class="ring-focus relative focus:outline-none"
              data-ring-focus-margin="-m-1"
              data-testid="clipboard-icon__wrapper"
              type="button"
            >
              <div
                class="css-v0ob3f"
                height="16"
                width="16"
              >
                <svg
                  id="copy"
                  viewBox="0 0 20 20"
                  x="0"
                  xml:space="preserve"
                  xmlns="http://www.w3.org/2000/svg"
                  y="0"
                >
                  <g
                    fill="none"
                    stroke="currentColor"
                    stroke-linecap="round"
                    stroke-linejoin="round"
                    stroke-width="2"
                  >
                    <path
                      d="M7 17.765C7 18.485 7.496 19 8.09 19h-.099 8.82c.694 0 1.189-.618 1.189-1.235V6.235C18 5.515 17.405 5 16.81 5h0-6.242c-.298 0-.595.103-.892.309l-2.379 2.47C7 8.09 7 8.397 7 8.706v9.059z"
                    />
                    <path
                      d="M13 5V2.235C13 1.515 12.405 1 11.81 1h0-6.242c-.298 0-.595.103-.892.309l-2.379 2.47C2 4.09 2 4.397 2 4.706v9.059C2 14.485 2.496 15 3.09 15h-.099H7"
                    />
                  </g>
                </svg>
              </div>
            </button>
          </span>
        </div>
      </div>
    </div>
  </div>
</div>
`;

exports[`TransactionExplorerLink > should render a transaction link responsive after the width has calculated 1`] = `
<div>
  <div
    class="no-ligatures css-qu17s6"
    data-testid="TransactionDetail"
  >
    <div
      class="w-40 flex-1 space-y-2 whitespace-nowrap"
      data-testid="TransactionDetail--desktop"
    >
      <div
        class="no-ligatures text-sm font-semibold text-theme-secondary-500 dark:text-theme-secondary-700"
      >
        ID
      </div>
      <div
        class="flex items-center font-semibold"
      >
        <div
          class="flex w-full items-center space-x-3 overflow-hidden"
        >
          <span
            class="overflow-hidden"
          >
            <a
              class="ring-focus group/inner inline-block flex items-center css-7nwwrh"
              data-ring-focus-margin="-m-1"
              data-testid="Link"
              href="transaction-link"
              rel="noopener noreferrer"
            >
              <span
                class="css-bxx244"
              >
                <span
                  class="no-ligatures css-0"
                  data-testid="TruncateMiddle"
                >
                  test-id
                </span>
              </span>
              <div
                class="mb-[3px] shrink-0 align-middle duration-200 inline-block text-sm css-v0ob3f"
                data-testid="Link__external"
                height="16"
                width="16"
              >
                <svg
                  id="arrow-external"
                  viewBox="0 0 20 20"
                  x="0"
                  xml:space="preserve"
                  xmlns="http://www.w3.org/2000/svg"
                  y="0"
                >
                  <path
                    d="M18.999 6.43V1h-5.43m5.43 0L7.033 12.966M9.749 4h-7.5c-.625 0-1.25.625-1.25 1.25v12.5c0 .625.625 1.25 1.25 1.25h12.5c.625 0 1.25-.625 1.25-1.25v-7.5"
                    fill="none"
                    stroke="currentColor"
                    stroke-linecap="round"
                    stroke-linejoin="round"
                    stroke-width="2"
                  />
                </svg>
              </div>
            </a>
          </span>
          <span
            class="flex text-theme-primary-300 dark:text-theme-secondary-600"
          >
            <button
              class="ring-focus relative focus:outline-none"
              data-ring-focus-margin="-m-1"
              data-testid="clipboard-icon__wrapper"
              type="button"
            >
              <div
                class="css-v0ob3f"
                height="16"
                width="16"
              >
                <svg
                  id="copy"
                  viewBox="0 0 20 20"
                  x="0"
                  xml:space="preserve"
                  xmlns="http://www.w3.org/2000/svg"
                  y="0"
                >
                  <g
                    fill="none"
                    stroke="currentColor"
                    stroke-linecap="round"
                    stroke-linejoin="round"
                    stroke-width="2"
                  >
                    <path
                      d="M7 17.765C7 18.485 7.496 19 8.09 19h-.099 8.82c.694 0 1.189-.618 1.189-1.235V6.235C18 5.515 17.405 5 16.81 5h0-6.242c-.298 0-.595.103-.892.309l-2.379 2.47C7 8.09 7 8.397 7 8.706v9.059z"
                    />
                    <path
                      d="M13 5V2.235C13 1.515 12.405 1 11.81 1h0-6.242c-.298 0-.595.103-.892.309l-2.379 2.47C2 4.09 2 4.397 2 4.706v9.059C2 14.485 2.496 15 3.09 15h-.099H7"
                    />
                  </g>
                </svg>
              </div>
            </button>
          </span>
        </div>
      </div>
    </div>
  </div>
</div>
`;
