// Vitest Snapshot v1, https://vitest.dev/guide/snapshot.html

exports[`ReceiveFunds > should render with a wallet name 1`] = `
<DocumentFragment>
  <div
    class="overflow-overlay fixed inset-0 z-50 flex w-full overflow-y-hidden bg-theme-secondary-900-rgba bg-opacity-60 dark:bg-black-rgba dark:bg-opacity-80 md:py-20"
    data-testid="Modal__overlay"
  >
    <div
      class="css-1uui4dw"
      tabindex="-1"
    >
      <div
        class="relative flex min-h-full flex-col overflow-hidden bg-theme-background shadow-2xl sm:mb-0 md:h-auto md:rounded-xl px-6 pt-4 md:p-8"
        data-testid="Modal__inner"
      >
        <div
          class="absolute right-0 top-0 z-10 mr-6 mt-4 rounded bg-theme-primary-100 transition-all duration-100 ease-linear hover:bg-theme-primary-300 dark:bg-theme-secondary-800 dark:text-theme-secondary-600 dark:hover:bg-theme-secondary-700 dark:hover:text-theme-secondary-400 md:mr-8 md:mt-8"
        >
          <button
            class="p-3 relative items-center inline-flex justify-center font-semibold leading-tight text-center transition-colors-shadow duration-100 ease-linear outline-none focus:outline-none focus:ring-2 focus:ring-theme-primary-400 disabled:cursor-not-allowed rounded border-none h-8 w-8"
            data-testid="Modal__close-button"
            type="button"
          >
            <div
              class="flex items-center space-x-2"
            >
              <div
                class="css-v0ob3f"
                height="16"
                width="16"
              >
                <svg
                  id="cross"
                  viewBox="0 0 20 20"
                  x="0"
                  xml:space="preserve"
                  xmlns="http://www.w3.org/2000/svg"
                  y="0"
                >
                  <g
                    fill="none"
                    stroke="currentColor"
                    stroke-linecap="round"
                    stroke-linejoin="round"
                    stroke-width="2"
                  >
                    <path
                      d="M.954 18.981l18-18M18.954 18.981l-18-18"
                    />
                  </g>
                </svg>
              </div>
            </div>
          </button>
        </div>
        <div
          class="relative flex flex-1 flex-col space-y-1.5"
        >
          <h2
            class="mb-0 max-w-[calc(100%_-_32px)] text-lg font-bold md:pt-0 md:text-2xl"
          >
            Receive Funds
          </h2>
          <div
            class="flex flex-1 flex-col"
          >
            <div
              class="whitespace-pre-line pr-10 text-sm text-theme-secondary-text md:pr-0 md:text-base"
            >
              <p
                class="mb-4"
              >
                Specify and confirm the amount to request.
              </p>
            </div>
            <div
              class="rounded-xl border border-theme-secondary-300 px-6 py-4 dark:border-theme-secondary-800"
              data-testid="ReceiveFunds__Name_Address"
            >
              <div
                class="flex overflow-hidden whitespace-nowrap items-center space-x-2 w-full"
              >
                <span
                  class="font-semibold text-base leading-5"
                  data-testid="Address__alias"
                >
                  <span
                    class="no-ligatures css-9nx3be"
                    data-testid="TruncateEnd"
                  >
                    My Wallet
                  </span>
                </span>
                <span
                  class="no-ligatures min-w-0 overflow-hidden text-theme-secondary-500 dark:text-theme-secondary-700 leading-5 font-semibold text-base"
                  data-testid="Address__address"
                >
                  abc
                </span>
                <button
                  class="ring-focus relative focus:outline-none"
                  data-ring-focus-margin="-m-1"
                  data-testid="clipboard-icon__wrapper"
                  type="button"
                >
                  <div
                    class="text-theme-primary-400 dark:text-theme-secondary-700 dark:hover:text-theme-secondary-500 css-v0ob3f"
                    height="16"
                    width="16"
                  >
                    <svg
                      id="copy"
                      viewBox="0 0 20 20"
                      x="0"
                      xml:space="preserve"
                      xmlns="http://www.w3.org/2000/svg"
                      y="0"
                    >
                      <g
                        fill="none"
                        stroke="currentColor"
                        stroke-linecap="round"
                        stroke-linejoin="round"
                        stroke-width="2"
                      >
                        <path
                          d="M7 17.765C7 18.485 7.496 19 8.09 19h-.099 8.82c.694 0 1.189-.618 1.189-1.235V6.235C18 5.515 17.405 5 16.81 5h0-6.242c-.298 0-.595.103-.892.309l-2.379 2.47C7 8.09 7 8.397 7 8.706v9.059z"
                        />
                        <path
                          d="M13 5V2.235C13 1.515 12.405 1 11.81 1h0-6.242c-.298 0-.595.103-.892.309l-2.379 2.47C2 4.09 2 4.397 2 4.706v9.059C2 14.485 2.496 15 3.09 15h-.099H7"
                        />
                      </g>
                    </svg>
                  </div>
                </button>
              </div>
            </div>
            <div>
              <button
                class="px-5 py-3 space-x-3 text-base relative items-center inline-flex justify-center font-semibold leading-tight text-center transition-colors-shadow duration-100 ease-linear outline-none focus:outline-none focus:ring-2 focus:ring-theme-primary-400 disabled:cursor-not-allowed rounded dark:bg-theme-secondary-800 dark:text-theme-secondary-200 bg-theme-primary-100 text-theme-primary-600 hover:bg-theme-primary-700 hover:text-white dark:hover:bg-theme-primary-700 mt-4 w-full"
                data-testid="ReceiveFunds__toggle"
                type="button"
              >
                <div
                  class="flex items-center space-x-2"
                >
                  Specify Amount
                </div>
              </button>
            </div>
            <div
              class="mt-4"
            >
              <img
                alt="QR Code"
                class="h-auto w-full rounded-xl border border-theme-secondary-200 p-3 dark:border-theme-secondary-800 dark:bg-theme-secondary-200"
                data-testid="ReceiveFunds__qrcode"
                src="data:image/png;base64,iVBORw0KGgoAAAANSUhEUgAAAPoAAAD6CAYAAACI7Fo9AAAAAklEQVR4AewaftIAAA9CSURBVO3B0W0dyw5FwaWGEjEJM/94CJCp6PmbmAu0RyMdud+uevtlvz/4QbqSHebBla5kMg/u6kp2mAdTVzKZB1NXcsU8mLqSHebBT9KV7DAPXqEr2WUeTF3JZB78FAsROd5CRI63EJHjLUTkeAsROd47/6Er+WrmwV1dyRXzYEdXssM8mLqSu7qSp5kHO7qSJ5kHU1dyxTy4qyt5knkwmQffoSv5aubBtBCR4y1E5HgLETneQkSO985fMA/u6kruMg+mruRKV3KXebDDPJi6kh3mwWeYB1NXssM82NGV3GUeXOlKdpgHd5kHU1cydSU7zIPvYB7c1ZXsWIjI8RYicryFiBxvISLHe+cfZR48rSuZzIOpK5nMgx1dydPMgx1dyV3mwdSVTObBLvNg6kom82DqSqauZDIPdnQlu7qSf81CRI63EJHjLUTkeAsROd47/6iu5Ip58KSu5K6uZDIPXsU8eJJ5MHUlV8yDqSv5ybqSUyxE5HgLETneQkSOtxCR473zF7qSn8I8uNKVPMk8mLqSqSuZzIMdXckV82DqSibzYOpK7jIPdnQlu7qSHebB1JVM5sHUlezoSibzYOpKvkNX8tUWInK8hYgcbyEix1uIyPHe+Q/mwU/WlVwxD6auZDIPpq7kLvNg6kom8+BVzIOpK9nRlUzmwdSVXDEPpq7kX2QeTF3JDvPgFRYicryFiBxvISLHW4jI8d67kn+RebDLPPjJzIPv0JXcZR7sMA+udCWTebDDPJi6kh1dyWQeTF3JZB5c6Up2dCU/xUJEjrcQkeMtROR4CxE53tsv+/3Bha5kMg++WlfyHcyDJ3Ulk3lwiq5kh3mwqyu5yzx4UlfyNPPgq3UlOxYicryFiBxvISLHW4jI8d67kivmwdSVTObBXV3JZB5MXclnmAdTV3KXeTCZB3d1JbvMg6krucs8mLqSyTz4DubBjq7kLvNgh3mwqyvZ0ZVM5sHUlewwD6auZFqIyPEWInK8hYgcbyEix1uIyPHeftnvDy50JV/NPLirK/kM8+CurmSHeTB1JZN5cKUr2WEe7OhKdpgHU1cymQdTV3LFPPhqXclkHkxdyWQevEpXMpkHT1qIyPEWInK8hYgcbyEix3vvSq6YB1NX8qSuZDIPPsM82NGV7DAPJvNg6kru6kp2mQdTV3KXeTB1Jd+hK5nMg6kr2WEeTF3Jjq5kMg+udCWTeTB1JZN5MJkHO7qSyTzYsRCR4y1E5HgLETneQkSO985fMA+mrmSHebCjK5nMg5/OPNhhHuzqSqauZDIPXqErmcyDK13Jjq5kMg+mrmSHefA08+CuruQu8+CuhYgcbyEix1uIyPEWInK8d/PgVbqSHV3JZB5c6Uom82AyD6au5K6uZId5MHUlu8yDqSu5yzz4DubB1JXs6Eru6kpexTyYupK7upLJPJi6kmkhIsdbiMjxFiJyvIWIHO/tl/3+4Bt0JZN5cFdXcsU8eFJX8iTzYFdXcpd58KSu5FXMgx1dyWQefIeuZId5MHUlk3kwdSWTebBjISLHW4jI8RYicryFiBzvvSu5Yh7s6Eru6kq+Q1dyl3kwdSV3dSWfYR5MXcmOrmQyD6au5GnmwdSV3NWVTObB1JW8inkwdSWTeTB1JTu6ksk8mBYicryFiBxvISLHW4jI8d75AubBk7qSyTz4Dl3JXebBjq7kinkwdSV3mQc7zIMdXclkHjytK5nMg6krucs8eFpXMpkHU1cymQc7upKpK5kWInK8hYgcbyEix1uIyPHeftnvDz6hK/lq5sFndCWTebCjK9lhHkxdyWQe7OpK7jIPdnQl38E8mLqSHebB1JVM5sGOruRp5sFdXclXW4jI8RYicryFiBxvISLHe/v4g03mwV1dyWQe7OhKJvPgSlfyU5gHU1cymQdXupLJPJi6kh3mwZO6ksk82NWVTObBXV3JZB5MXclkHkxdydPMg6krmcyDqSuZzIMdCxE53kJEjrcQkeMtROR4bx9/cME8mLqSHebBjq5kh3kwdSW7zIOpK9lhHjypK5nMgytdyV3mwdSV3GUe7OhKrpgHr9CV3GUePK0rmcyDqSvZYR7sWIjI8RYicryFiBxvISLHW4jI8d75D13Jk7qSyTy4yzy40pU8qSuZzIOpK5nMg88wD6auZDIPpq5kMg92dCVTV7LDPLjSldxlHuzoSibzYEdX8rSuZEdXssM8mLqSyTyYFiJyvIWIHG8hIsdbiMjx3j7+QP6TebCjK9lhHkxdyS7zYEdXMpkHU1fyHcyDJ3Uld5kHU1fyNPNg6kom82BHV3LXQkSOtxCR4y1E5HgLETne28cfXDAPTtGV7DAPpq5kMg++Q1cymQev0JX8JObB1JVM5sHUlUzmwdSVXDEP/jULETneQkSOtxCR4y1E5Hhvv+z3Bxe6krvMg6krucs8eFpXMpkHO7qSyTzY0ZV8hnmwoyu5yzy4qyu5Yh5MXclkHkxdyZPMgx1dyRXzYOpK7jIPdnQlO8yDaSEix1uIyPEWInK8hYgc752/YB48yTyYupIdXcku82BHV7LDPLjLPHgV82DqSnZ0JTvMg13mwdSVTObBk7qSyTx4mnkwdSV3mQd3LUTkeAsROd5CRI63EJHjvXclr9KV3GUe/CRdyWQefEZXMpkHd3Uld5kHr9KV7DAPdpgHU1fytK7kSV3JXQsROd5CRI63EJHjLUTkeG8ff3DBPNjRlUzmwVfrSq6YB1NXssM8uKsr2WEeTF3JFfNg6kom8+CrdSU7zINdXclkHtzVlUzmwV1dyRXz4Kt1JZN5cNdCRI63EJHjLUTkeAsROd47f6ErmcyDHV3JXebBrq5kMg92dCU7zIPJPJi6kh3mwU/SlUzmwdPMg7u6ksk8mLqSp3Ulk3kwdSU7zIPJPJi6krsWInK8hYgcbyEix1uIyPHe+aSuZDIPJvNgR1fyGebBjq5kMg+mrmTqSu7qSj7DPJi6ksk82NGVTObB1JV8hnkwdSV3mQc7zIO7upJdXclkHkxdyY6uZDIP7lqIyPEWInK8hYgcbyEix3s3Dz7DPJi6kid1JZN5cKUrmcyDu8yDu7qSHebBZ5gHU1cymQc7upKfxDyYupLJPJi6ksk8mLqSyTy40pXcZR5MXcmOruSuhYgcbyEix1uIyPEWInK8hYgc770ruWIeTObBk8yDn64r2WEeTObB1JVMXckV82DqSnaYBzvMg6kr2WEe7OpK7upKJvPgrq5kMg+mruSnMw92LETkeAsROd5CRI63EJHjvfNCXckO82DqSnZ1JZN5MHUlk3mwoyuZzIPJPHiaeTB1JZN5MHUlk3mwoyuZzINd5sHUlUzmwY6u5K6uZJd5MHUlU1cymQc7zIOpK5m6ksk8mBYicryFiBxvISLHW4jI8d5+2e8PLnQlk3mwoyuZzIMndSW7zIO7upLJPJi6krvMg11dyWQe7OhKJvNg6kp2mAdTV/I082DqSnaYB1NXssM8uNKVTObB1JXsMA+mrmQyD6auZMdCRI63EJHjLUTkeAsROd7bL/v9wYWu5C7zYOpKfhLz4BW6klcxD6auZId58BldyWQefLWu5GnmwY6uZDIPpq7kqy1E5HgLETneQkSOtxCR4719/MEF8+AVupLJPJi6kivmwY6uZId5sKMrmcyDHV3JFfPgFbqSHebB1JVcMQ+mrmQyD3Z0JTvMg6krmcyDXV3JZB7s6Ep2mAdTVzKZBzsWInK8hYgcbyEix1uIyPHezYPP6Eom82BHVzKZB1NXMpkHr9KVPMk8uNKVTObB1JU8yTyYupId5sGVrmQyD55kHkxdyWQe7OhKrpgHU1fypK7kSQsROd5CRI63EJHjLUTkeO9dyRXzYId5MHUlk3kwmQdTV/IZXclkHjzJPHhSV3LFPJi6kieZB1NXMpkHU1cymQe7upK7zIOpK5nMg6kr2WEeXOlKnmQeTF3JZB5MXclkHkwLETneQkSOtxCR4y1E5Hhvv+z3Bxe6kpOZB1NXcpd5sKMrmcyDK13JZB5MXclkHuzoSr6DeTB1JZN5sKMrucs8mLqSyTy40pVM5sFdXcld5sHUlUwLETneQkSOtxCR4y1E5HjvXckV82DqSu4yD+7qSibz4EpXMpkHd5kHO7qSu7qSK+bB1JVM5sHUlUzmwVczD650JZN5MHUlO8yDu7qSyTz4Dl3JZB7c1ZVM5sG0EJHjLUTkeAsROd5CRI739vEHF8yDu7qSVzEPdnQlO8yDr9aVvIp58KSu5Ip5MHUlk3mwoyu5yzyYupJd5sGOruQVzINpISLHW4jI8RYicryFiBxvISLHe/tlvz/4hK7kLvNg6kq+g3mwoyvZYR7s6Ep2mQdTVzKZB6/QlXyGeTB1JTvMg7u6kh3mwat0JZN5cNdCRI63EJHjLUTkeAsROd7bxx/8cObBrq7kSebBjq5kMg8+oyuZzIMdXcld5sHUlUzmwXfoSnaYBzu6kh3mwa6u5C7zYOpKnrQQkeMtROR4CxE53kJEjvf2y35/8IN0JTvMg8/oSibz4K6u5C7z4EpXssM8mLqSyTyYupLJPLirK7liHrxCVzKZB0/rSibzYOpKJvNgR1cymQc7FiJyvIWIHG8hIsdbiMjx3vkPXclXMw92mAe7upLJPJjMg6krmcyDqSuZzIO7upJd5sFdXcm/qCv5al3JLvNgR1fyCl3JtBCR4y1E5HgLETneQkSO985fMA/u6kqe1JXs6kp2mAdP6kom82AyD650JXeZB0/qSnaYB1e6kq9mHuzoSp5mHjypK5nMg6krmcyDaSEix1uIyPEWInK8hYgc753DmAd3dSWTefDVupJdXclkHkxdyQ7z4C7zYOpKrpgHU1fypK5kMg8m82DqSnZ1JZN58CTzYOpKJvNg6kqmhYgcbyEix1uIyPEWInK8d/4PdCWvYB7sMA+udCWTeTB1JZN5sKMrmcyDu8yDK13JXebBjq5k6kp2mAef0ZU8yTyYzIMd5sG0EJHjLUTkeAsROd5CRI73zl/oSl6hK5nMg1cxD6auZId5MHUl36ErmcyDu7qSXebBk7qSyTzY0ZXs6EqumAeTebCjK9nRldxlHkwLETneQkSOtxCR4y1E5Hhvv+z3Bz9IVzKZB1NXcsU8mLqSyTyYupId5sFP0pVM5sHUldxlHkxdyWQefEZXMpkHU1eywzx4Wlfy1cyDJy1E5HgLETneQkSOtxCR4/0PXGxgPLW8148AAAAASUVORK5CYII="
              />
            </div>
            <div
              class="mt-4"
            >
              <button
                class="px-5 py-3 text-base relative items-center justify-center font-semibold leading-tight text-center transition-colors-shadow duration-100 ease-linear outline-none focus:outline-none focus:ring-2 focus:ring-theme-primary-400 disabled:cursor-not-allowed rounded dark:bg-theme-secondary-800 dark:text-theme-secondary-200 bg-theme-primary-100 text-theme-primary-600 hover:bg-theme-primary-700 hover:text-white dark:hover:bg-theme-primary-700 flex w-full space-x-2"
                data-testid="ReceiveFunds__download-qr"
                type="button"
              >
                <div
                  class="flex items-center space-x-2"
                >
                  <div
                    class="css-v0ob3f"
                    height="16"
                    width="16"
                  >
                    <svg
                      fill="none"
                      height="16"
                      viewBox="0 0 16 16"
                      width="16"
                      xmlns="http://www.w3.org/2000/svg"
                    >
                      <path
                        d="M15 9.867v1.477a2.871 2.871 0 0 1-2.878 2.878H3.878C2.322 14.222 1 12.9 1 11.344V9.867M7.961 1v8.633m3.656-3.655L7.96 9.633 4.383 5.978"
                        stroke="currentColor"
                        stroke-linecap="round"
                        stroke-linejoin="round"
                        stroke-width="2"
                      />
                    </svg>
                  </div>
                  <span>
                    Download QR-Code
                  </span>
                </div>
              </button>
            </div>
          </div>
        </div>
      </div>
    </div>
  </div>
</DocumentFragment>
`;

exports[`ReceiveFunds > should render without a wallet name 1`] = `
<DocumentFragment>
  <div
    class="overflow-overlay fixed inset-0 z-50 flex w-full overflow-y-hidden bg-theme-secondary-900-rgba bg-opacity-60 dark:bg-black-rgba dark:bg-opacity-80 md:py-20"
    data-testid="Modal__overlay"
  >
    <div
      class="css-1uui4dw"
      tabindex="-1"
    >
      <div
        class="relative flex min-h-full flex-col overflow-hidden bg-theme-background shadow-2xl sm:mb-0 md:h-auto md:rounded-xl px-6 pt-4 md:p-8"
        data-testid="Modal__inner"
      >
        <div
          class="absolute right-0 top-0 z-10 mr-6 mt-4 rounded bg-theme-primary-100 transition-all duration-100 ease-linear hover:bg-theme-primary-300 dark:bg-theme-secondary-800 dark:text-theme-secondary-600 dark:hover:bg-theme-secondary-700 dark:hover:text-theme-secondary-400 md:mr-8 md:mt-8"
        >
          <button
            class="p-3 relative items-center inline-flex justify-center font-semibold leading-tight text-center transition-colors-shadow duration-100 ease-linear outline-none focus:outline-none focus:ring-2 focus:ring-theme-primary-400 disabled:cursor-not-allowed rounded border-none h-8 w-8"
            data-testid="Modal__close-button"
            type="button"
          >
            <div
              class="flex items-center space-x-2"
            >
              <div
                class="css-v0ob3f"
                height="16"
                width="16"
              >
                <svg
                  id="cross"
                  viewBox="0 0 20 20"
                  x="0"
                  xml:space="preserve"
                  xmlns="http://www.w3.org/2000/svg"
                  y="0"
                >
                  <g
                    fill="none"
                    stroke="currentColor"
                    stroke-linecap="round"
                    stroke-linejoin="round"
                    stroke-width="2"
                  >
                    <path
                      d="M.954 18.981l18-18M18.954 18.981l-18-18"
                    />
                  </g>
                </svg>
              </div>
            </div>
          </button>
        </div>
        <div
          class="relative flex flex-1 flex-col space-y-1.5"
        >
          <h2
            class="mb-0 max-w-[calc(100%_-_32px)] text-lg font-bold md:pt-0 md:text-2xl"
          >
            Receive Funds
          </h2>
          <div
            class="flex flex-1 flex-col"
          >
            <div
              class="whitespace-pre-line pr-10 text-sm text-theme-secondary-text md:pr-0 md:text-base"
            >
              <p
                class="mb-4"
              >
                Specify and confirm the amount to request.
              </p>
            </div>
            <div
              class="rounded-xl border border-theme-secondary-300 px-6 py-4 dark:border-theme-secondary-800"
              data-testid="ReceiveFunds__Name_Address"
            >
              <div
                class="flex overflow-hidden whitespace-nowrap items-center space-x-2 w-full"
              >
                <span
                  class="no-ligatures min-w-0 overflow-hidden text-theme-secondary-500 dark:text-theme-secondary-700 leading-5 font-semibold text-base"
                  data-testid="Address__address"
                >
                  abc
                </span>
                <button
                  class="ring-focus relative focus:outline-none"
                  data-ring-focus-margin="-m-1"
                  data-testid="clipboard-icon__wrapper"
                  type="button"
                >
                  <div
                    class="text-theme-primary-400 dark:text-theme-secondary-700 dark:hover:text-theme-secondary-500 css-v0ob3f"
                    height="16"
                    width="16"
                  >
                    <svg
                      id="copy"
                      viewBox="0 0 20 20"
                      x="0"
                      xml:space="preserve"
                      xmlns="http://www.w3.org/2000/svg"
                      y="0"
                    >
                      <g
                        fill="none"
                        stroke="currentColor"
                        stroke-linecap="round"
                        stroke-linejoin="round"
                        stroke-width="2"
                      >
                        <path
                          d="M7 17.765C7 18.485 7.496 19 8.09 19h-.099 8.82c.694 0 1.189-.618 1.189-1.235V6.235C18 5.515 17.405 5 16.81 5h0-6.242c-.298 0-.595.103-.892.309l-2.379 2.47C7 8.09 7 8.397 7 8.706v9.059z"
                        />
                        <path
                          d="M13 5V2.235C13 1.515 12.405 1 11.81 1h0-6.242c-.298 0-.595.103-.892.309l-2.379 2.47C2 4.09 2 4.397 2 4.706v9.059C2 14.485 2.496 15 3.09 15h-.099H7"
                        />
                      </g>
                    </svg>
                  </div>
                </button>
              </div>
            </div>
            <div>
              <button
                class="px-5 py-3 space-x-3 text-base relative items-center inline-flex justify-center font-semibold leading-tight text-center transition-colors-shadow duration-100 ease-linear outline-none focus:outline-none focus:ring-2 focus:ring-theme-primary-400 disabled:cursor-not-allowed rounded dark:bg-theme-secondary-800 dark:text-theme-secondary-200 bg-theme-primary-100 text-theme-primary-600 hover:bg-theme-primary-700 hover:text-white dark:hover:bg-theme-primary-700 mt-4 w-full"
                data-testid="ReceiveFunds__toggle"
                type="button"
              >
                <div
                  class="flex items-center space-x-2"
                >
                  Specify Amount
                </div>
              </button>
            </div>
            <div
              class="mt-4"
            >
              <img
                alt="QR Code"
                class="h-auto w-full rounded-xl border border-theme-secondary-200 p-3 dark:border-theme-secondary-800 dark:bg-theme-secondary-200"
                data-testid="ReceiveFunds__qrcode"
                src="data:image/png;base64,iVBORw0KGgoAAAANSUhEUgAAAPoAAAD6CAYAAACI7Fo9AAAAAklEQVR4AewaftIAAA9CSURBVO3B0W0dyw5FwaWGEjEJM/94CJCp6PmbmAu0RyMdud+uevtlvz/4QbqSHebBla5kMg/u6kp2mAdTVzKZB1NXcsU8mLqSHebBT9KV7DAPXqEr2WUeTF3JZB78FAsROd5CRI63EJHjLUTkeAsROd47/6Er+WrmwV1dyRXzYEdXssM8mLqSu7qSp5kHO7qSJ5kHU1dyxTy4qyt5knkwmQffoSv5aubBtBCR4y1E5HgLETneQkSO985fMA/u6kruMg+mruRKV3KXebDDPJi6kh3mwWeYB1NXssM82NGV3GUeXOlKdpgHd5kHU1cydSU7zIPvYB7c1ZXsWIjI8RYicryFiBxvISLHe+cfZR48rSuZzIOpK5nMgx1dydPMgx1dyV3mwdSVTObBLvNg6kom82DqSqauZDIPdnQlu7qSf81CRI63EJHjLUTkeAsROd47/6iu5Ip58KSu5K6uZDIPXsU8eJJ5MHUlV8yDqSv5ybqSUyxE5HgLETneQkSOtxCR473zF7qSn8I8uNKVPMk8mLqSqSuZzIMdXckV82DqSibzYOpK7jIPdnQlu7qSHebB1JVM5sHUlezoSibzYOpKvkNX8tUWInK8hYgcbyEix1uIyPHe+Q/mwU/WlVwxD6auZDIPpq7kLvNg6kom8+BVzIOpK9nRlUzmwdSVXDEPpq7kX2QeTF3JDvPgFRYicryFiBxvISLHW4jI8d67kn+RebDLPPjJzIPv0JXcZR7sMA+udCWTebDDPJi6kh1dyWQeTF3JZB5c6Up2dCU/xUJEjrcQkeMtROR4CxE53tsv+/3Bha5kMg++WlfyHcyDJ3Ulk3lwiq5kh3mwqyu5yzx4UlfyNPPgq3UlOxYicryFiBxvISLHW4jI8d67kivmwdSVTObBXV3JZB5MXclnmAdTV3KXeTCZB3d1JbvMg6krucs8mLqSyTz4DubBjq7kLvNgh3mwqyvZ0ZVM5sHUlewwD6auZFqIyPEWInK8hYgcbyEix1uIyPHeftnvDy50JV/NPLirK/kM8+CurmSHeTB1JZN5cKUr2WEe7OhKdpgHU1cymQdTV3LFPPhqXclkHkxdyWQevEpXMpkHT1qIyPEWInK8hYgcbyEix3vvSq6YB1NX8qSuZDIPPsM82NGV7DAPJvNg6kru6kp2mQdTV3KXeTB1Jd+hK5nMg6kr2WEeTF3Jjq5kMg+udCWTeTB1JZN5MJkHO7qSyTzYsRCR4y1E5HgLETneQkSO985fMA+mrmSHebCjK5nMg5/OPNhhHuzqSqauZDIPXqErmcyDK13Jjq5kMg+mrmSHefA08+CuruQu8+CuhYgcbyEix1uIyPEWInK8d/PgVbqSHV3JZB5c6Uom82AyD6au5K6uZId5MHUlu8yDqSu5yzz4DubB1JXs6Eru6kpexTyYupK7upLJPJi6kmkhIsdbiMjxFiJyvIWIHO/tl/3+4Bt0JZN5cFdXcsU8eFJX8iTzYFdXcpd58KSu5FXMgx1dyWQefIeuZId5MHUlk3kwdSWTebBjISLHW4jI8RYicryFiBzvvSu5Yh7s6Eru6kq+Q1dyl3kwdSV3dSWfYR5MXcmOrmQyD6au5GnmwdSV3NWVTObB1JW8inkwdSWTeTB1JTu6ksk8mBYicryFiBxvISLHW4jI8d75AubBk7qSyTz4Dl3JXebBjq7kinkwdSV3mQc7zIMdXclkHjytK5nMg6krucs8eFpXMpkHU1cymQc7upKpK5kWInK8hYgcbyEix1uIyPHeftnvDz6hK/lq5sFndCWTebCjK9lhHkxdyWQe7OpK7jIPdnQl38E8mLqSHebB1JVM5sGOruRp5sFdXclXW4jI8RYicryFiBxvISLHe/v4g03mwV1dyWQe7OhKJvPgSlfyU5gHU1cymQdXupLJPJi6kh3mwZO6ksk82NWVTObBXV3JZB5MXclkHkxdydPMg6krmcyDqSuZzIMdCxE53kJEjrcQkeMtROR4bx9/cME8mLqSHebBjq5kh3kwdSW7zIOpK9lhHjypK5nMgytdyV3mwdSV3GUe7OhKrpgHr9CV3GUePK0rmcyDqSvZYR7sWIjI8RYicryFiBxvISLHW4jI8d75D13Jk7qSyTy4yzy40pU8qSuZzIOpK5nMg88wD6auZDIPpq5kMg92dCVTV7LDPLjSldxlHuzoSibzYEdX8rSuZEdXssM8mLqSyTyYFiJyvIWIHG8hIsdbiMjx3j7+QP6TebCjK9lhHkxdyS7zYEdXMpkHU1fyHcyDJ3Uld5kHU1fyNPNg6kom82BHV3LXQkSOtxCR4y1E5HgLETne28cfXDAPTtGV7DAPpq5kMg++Q1cymQev0JX8JObB1JVM5sHUlUzmwdSVXDEP/jULETneQkSOtxCR4y1E5Hhvv+z3Bxe6krvMg6krucs8eFpXMpkHO7qSyTzY0ZV8hnmwoyu5yzy4qyu5Yh5MXclkHkxdyZPMgx1dyRXzYOpK7jIPdnQlO8yDaSEix1uIyPEWInK8hYgc752/YB48yTyYupIdXcku82BHV7LDPLjLPHgV82DqSnZ0JTvMg13mwdSVTObBk7qSyTx4mnkwdSV3mQd3LUTkeAsROd5CRI63EJHjvXclr9KV3GUe/CRdyWQefEZXMpkHd3Uld5kHr9KV7DAPdpgHU1fytK7kSV3JXQsROd5CRI63EJHjLUTkeG8ff3DBPNjRlUzmwVfrSq6YB1NXssM8uKsr2WEeTF3JFfNg6kom8+CrdSU7zINdXclkHtzVlUzmwV1dyRXz4Kt1JZN5cNdCRI63EJHjLUTkeAsROd47f6ErmcyDHV3JXebBrq5kMg92dCU7zIPJPJi6kh3mwU/SlUzmwdPMg7u6ksk8mLqSp3Ulk3kwdSU7zIPJPJi6krsWInK8hYgcbyEix1uIyPHe+aSuZDIPJvNgR1fyGebBjq5kMg+mrmTqSu7qSj7DPJi6ksk82NGVTObB1JV8hnkwdSV3mQc7zIO7upJdXclkHkxdyY6uZDIP7lqIyPEWInK8hYgcbyEix3s3Dz7DPJi6kid1JZN5cKUrmcyDu8yDu7qSHebBZ5gHU1cymQc7upKfxDyYupLJPJi6ksk8mLqSyTy40pXcZR5MXcmOruSuhYgcbyEix1uIyPEWInK8hYgc770ruWIeTObBk8yDn64r2WEeTObB1JVMXckV82DqSnaYBzvMg6kr2WEe7OpK7upKJvPgrq5kMg+mruSnMw92LETkeAsROd5CRI63EJHjvfNCXckO82DqSnZ1JZN5MHUlk3mwoyuZzIPJPHiaeTB1JZN5MHUlk3mwoyuZzINd5sHUlUzmwY6u5K6uZJd5MHUlU1cymQc7zIOpK5m6ksk8mBYicryFiBxvISLHW4jI8d5+2e8PLnQlk3mwoyuZzIMndSW7zIO7upLJPJi6krvMg11dyWQe7OhKJvNg6kp2mAdTV/I082DqSnaYB1NXssM8uNKVTObB1JXsMA+mrmQyD6auZMdCRI63EJHjLUTkeAsROd7bL/v9wYWu5C7zYOpKfhLz4BW6klcxD6auZId58BldyWQefLWu5GnmwY6uZDIPpq7kqy1E5HgLETneQkSOtxCR4719/MEF8+AVupLJPJi6kivmwY6uZId5sKMrmcyDHV3JFfPgFbqSHebB1JVcMQ+mrmQyD3Z0JTvMg6krmcyDXV3JZB7s6Ep2mAdTVzKZBzsWInK8hYgcbyEix1uIyPHezYPP6Eom82BHVzKZB1NXMpkHr9KVPMk8uNKVTObB1JU8yTyYupId5sGVrmQyD55kHkxdyWQe7OhKrpgHU1fypK7kSQsROd5CRI63EJHjLUTkeO9dyRXzYId5MHUlk3kwmQdTV/IZXclkHjzJPHhSV3LFPJi6kieZB1NXMpkHU1cymQe7upK7zIOpK5nMg6kr2WEeXOlKnmQeTF3JZB5MXclkHkwLETneQkSOtxCR4y1E5Hhvv+z3Bxe6kpOZB1NXcpd5sKMrmcyDK13JZB5MXclkHuzoSr6DeTB1JZN5sKMrucs8mLqSyTy40pVM5sFdXcld5sHUlUwLETneQkSOtxCR4y1E5HjvXckV82DqSu4yD+7qSibz4EpXMpkHd5kHO7qSu7qSK+bB1JVM5sHUlUzmwVczD650JZN5MHUlO8yDu7qSyTz4Dl3JZB7c1ZVM5sG0EJHjLUTkeAsROd5CRI739vEHF8yDu7qSVzEPdnQlO8yDr9aVvIp58KSu5Ip5MHUlk3mwoyu5yzyYupJd5sGOruQVzINpISLHW4jI8RYicryFiBxvISLHe/tlvz/4hK7kLvNg6kq+g3mwoyvZYR7s6Ep2mQdTVzKZB6/QlXyGeTB1JTvMg7u6kh3mwat0JZN5cNdCRI63EJHjLUTkeAsROd7bxx/8cObBrq7kSebBjq5kMg8+oyuZzIMdXcld5sHUlUzmwXfoSnaYBzu6kh3mwa6u5C7zYOpKnrQQkeMtROR4CxE53kJEjvf2y35/8IN0JTvMg8/oSibz4K6u5C7z4EpXssM8mLqSyTyYupLJPLirK7liHrxCVzKZB0/rSibzYOpKJvNgR1cymQc7FiJyvIWIHG8hIsdbiMjx3vkPXclXMw92mAe7upLJPJjMg6krmcyDqSuZzIO7upJd5sFdXcm/qCv5al3JLvNgR1fyCl3JtBCR4y1E5HgLETneQkSO985fMA/u6kqe1JXs6kp2mAdP6kom82AyD650JXeZB0/qSnaYB1e6kq9mHuzoSp5mHjypK5nMg6krmcyDaSEix1uIyPEWInK8hYgc753DmAd3dSWTefDVupJdXclkHkxdyQ7z4C7zYOpKrpgHU1fypK5kMg8m82DqSnZ1JZN58CTzYOpKJvNg6kqmhYgcbyEix1uIyPEWInK8d/4PdCWvYB7sMA+udCWTeTB1JZN5sKMrmcyDu8yDK13JXebBjq5k6kp2mAef0ZU8yTyYzIMd5sG0EJHjLUTkeAsROd5CRI73zl/oSl6hK5nMg1cxD6auZId5MHUl36ErmcyDu7qSXebBk7qSyTzY0ZXs6EqumAeTebCjK9nRldxlHkwLETneQkSOtxCR4y1E5Hhvv+z3Bz9IVzKZB1NXcsU8mLqSyTyYupId5sFP0pVM5sHUldxlHkxdyWQefEZXMpkHU1eywzx4Wlfy1cyDJy1E5HgLETneQkSOtxCR4/0PXGxgPLW8148AAAAASUVORK5CYII="
              />
            </div>
            <div
              class="mt-4"
            >
              <button
                class="px-5 py-3 text-base relative items-center justify-center font-semibold leading-tight text-center transition-colors-shadow duration-100 ease-linear outline-none focus:outline-none focus:ring-2 focus:ring-theme-primary-400 disabled:cursor-not-allowed rounded dark:bg-theme-secondary-800 dark:text-theme-secondary-200 bg-theme-primary-100 text-theme-primary-600 hover:bg-theme-primary-700 hover:text-white dark:hover:bg-theme-primary-700 flex w-full space-x-2"
                data-testid="ReceiveFunds__download-qr"
                type="button"
              >
                <div
                  class="flex items-center space-x-2"
                >
                  <div
                    class="css-v0ob3f"
                    height="16"
                    width="16"
                  >
                    <svg
                      fill="none"
                      height="16"
                      viewBox="0 0 16 16"
                      width="16"
                      xmlns="http://www.w3.org/2000/svg"
                    >
                      <path
                        d="M15 9.867v1.477a2.871 2.871 0 0 1-2.878 2.878H3.878C2.322 14.222 1 12.9 1 11.344V9.867M7.961 1v8.633m3.656-3.655L7.96 9.633 4.383 5.978"
                        stroke="currentColor"
                        stroke-linecap="round"
                        stroke-linejoin="round"
                        stroke-width="2"
                      />
                    </svg>
                  </div>
                  <span>
                    Download QR-Code
                  </span>
                </div>
              </button>
            </div>
          </div>
        </div>
      </div>
    </div>
  </div>
</DocumentFragment>
`;
