// Vitest Snapshot v1, https://vitest.dev/guide/snapshot.html

exports[`SignIn > should not render if not open 1`] = `<DocumentFragment />`;

exports[`SignIn > should render a modal 1`] = `
<DocumentFragment>
  <div
    class="overflow-overlay fixed inset-0 z-50 flex w-full overflow-y-hidden bg-theme-secondary-900-rgba bg-opacity-60 dark:bg-black-rgba dark:bg-opacity-80 md:py-20"
    data-testid="Modal__overlay"
  >
    <div
      class="css-1jzz0qm"
      tabindex="-1"
    >
      <div
        class="relative flex min-h-full flex-col overflow-hidden bg-theme-background shadow-2xl sm:mb-0 md:h-auto md:rounded-2.5xl px-10 pb-24 pt-10 sm:pb-10"
        data-testid="Modal__inner"
      >
        <div
          class="absolute right-0 top-0 z-10 mr-4 mt-4 rounded bg-theme-primary-100 transition-all duration-100 ease-linear hover:bg-theme-primary-300 dark:bg-theme-secondary-800 dark:text-theme-secondary-600 dark:hover:bg-theme-secondary-700 dark:hover:text-theme-secondary-400 md:mr-8 md:mt-8"
        >
          <button
            class="h-8 w-8 css-1hei9vx"
            data-testid="Modal__close-button"
            type="button"
          >
            <div
              class="flex items-center space-x-2"
            >
              <div
                class="css-v0ob3f"
                height="16"
                width="16"
              >
                <svg
                  id="cross"
                  viewBox="0 0 20 20"
                  x="0"
                  xml:space="preserve"
                  xmlns="http://www.w3.org/2000/svg"
                  y="0"
                >
                  <g
                    fill="none"
                    stroke="currentColor"
                    stroke-linecap="round"
                    stroke-linejoin="round"
                    stroke-width="2"
                  >
                    <path
                      d="M.954 18.981l18-18M18.954 18.981l-18-18"
                    />
                  </g>
                </svg>
              </div>
            </div>
          </button>
        </div>
        <div
          class="relative flex flex-1 flex-col space-y-1.5"
        >
          <h2
            class="mb-0 mt-1 text-lg font-bold md:pt-0 md:text-2xl"
          >
            Sign In
          </h2>
          <div
            class="flex flex-1 flex-col"
          >
            <div
              class="whitespace-pre-line pr-10 text-sm text-theme-secondary-text md:pr-0 md:text-base"
            >
              Sign in to access your Profile.
            </div>
            <div
              class="mt-8"
            >
              <div
                class="flex items-center space-x-3"
              >
                <div
                  class="shrink-0 css-1px82g5"
                  data-testid="Avatar"
                >
                  <div
                    class="inline-flex h-full w-full items-center justify-center overflow-hidden align-middle rounded"
                  >
                    <img
                      alt="Jane Doe"
                      data-testid="ProfileAvatar__svg"
                      src="data:image/svg+xml;utf8,<svg version="1.1" xmlns="http://www.w3.org/2000/svg" class="picasso" width="100" height="100" viewBox="0 0 100 100"><style>.picasso circle{mix-blend-mode:soft-light;}</style><rect fill="rgb(0, 150, 136)" width="100" height="100"/><circle r="55" cx="20" cy="60" fill="rgb(233, 30, 99)"/><circle r="60" cx="50" cy="70" fill="rgb(255, 193, 7)"/><circle r="45" cx="30" cy="30" fill="rgb(63, 81, 181)"/></svg>"
                      title="Jane Doe"
                    />
                    <span
                      class="absolute font-semibold text-white"
                    >
                      JA
                    </span>
                  </div>
                </div>
                <div
                  class="flex flex-col"
                >
                  <p
                    class="text-sm font-semibold text-theme-secondary-500 dark:text-theme-secondary-700"
                  >
                    Name
                  </p>
                  <p
                    class="font-semibold text-theme-text"
                    data-testid="profile-card__user--name"
                  >
                    <span>
                      Jane Doe
                    </span>
                  </p>
                </div>
              </div>
            </div>
            <div
              class="border-theme-secondary-300 dark:border-theme-secondary-800 css-ppmbkz"
              type="horizontal"
            />
            <form
              data-testid="Form"
            >
              <fieldset
                class="flex min-w-0 flex-col css-1bcidjh"
              >
                <label
                  class="FormLabel mb-2 flex text-sm font-semibold leading-[17px] text-theme-secondary-text transition-colors duration-100"
                  data-testid="FormLabel"
                  for="password"
                >
                  Password
                </label>
                <div
                  class="css-n1b0kl"
                >
                  <div
                    class="relative flex h-full flex-1"
                  >
                    <input
                      autocomplete="off"
                      class="no-ligatures w-full border-none css-1vs1awz"
                      data-testid="SignIn__input--password"
                      name="password"
                      type="password"
                      value=""
                    />
                  </div>
                  <div
                    class="flex items-center space-x-3 divide-x divide-theme-secondary-300 dark:divide-theme-secondary-800 text-theme-primary-300 dark:text-theme-secondary-600"
                    data-testid="Input__addon-end"
                  >
                    <div
                      class=""
                    >
                      <button
                        class="ring-focus relative flex h-full w-full items-center justify-center text-2xl focus:outline-none"
                        data-ring-focus-margin="-m-1"
                        data-testid="InputPassword__toggle"
                        type="button"
                      >
                        <div
                          class="css-1i4b0eq"
                          height="20"
                          width="20"
                        >
                          <svg
                            id="eye"
                            viewBox="0 0 20 20"
                            x="0"
                            xml:space="preserve"
                            xmlns="http://www.w3.org/2000/svg"
                            y="0"
                          >
                            <g
                              fill="none"
                              stroke="currentColor"
                              stroke-linecap="round"
                              stroke-linejoin="round"
                              stroke-width="2"
                            >
                              <path
                                d="M10 4.6c-3.2-.1-6.5 2.2-8.6 4.5-.5.5-.5 1.3 0 1.8 2 2.3 5.4 4.6 8.6 4.5 3.3-.1 6.5-2.3 8.6-4.5.5-.5.5-1.3 0-1.8-2.1-2.3-5.4-4.6-8.6-4.5z"
                              />
                              <path
                                d="M13 10c0 1.7-1.3 3-3 3s-3-1.3-3-3 1.3-3 3-3c1.2 0 3 .7 3 3z"
                              />
                            </g>
                          </svg>
                        </div>
                      </button>
                    </div>
                  </div>
                </div>
              </fieldset>
              <div
                class="css-j6ajdm"
              >
                <button
                  class="css-6419sw"
                  data-testid="SignIn__cancel-button"
                  type="button"
                >
                  <div
                    class="flex items-center space-x-2"
                  >
                    Cancel
                  </div>
                </button>
                <button
                  class="css-fl4fi0"
                  data-testid="SignIn__submit-button"
                  type="submit"
                >
                  <div
                    class="flex items-center space-x-2"
                  >
                    Sign In
                  </div>
                </button>
              </div>
            </form>
          </div>
        </div>
      </div>
    </div>
  </div>
</DocumentFragment>
`;
