// Jest Snapshot v1, https://goo.gl/fbAQLP

exports[`SelectCategory should render 1`] = `
<DocumentFragment>
  <label
    class="cursor-pointer"
    for="category"
  >
    <input
      class="css-1r71f0z select-category-input"
      data-testid="SelectCategory__category"
      name="category"
      type="checkbox"
      value=""
    />
    <div
      class="css-fn0s68"
    >
      #All
    </div>
  </label>
</DocumentFragment>
`;
