// Vitest Snapshot v1, https://vitest.dev/guide/snapshot.html

exports[`ConfirmSendTransaction > should not render if not open 1`] = `<DocumentFragment />`;

exports[`ConfirmSendTransaction > should render modal 1`] = `
<DocumentFragment>
  <div
    class="overflow-overlay fixed inset-0 z-50 flex w-full overflow-y-hidden bg-theme-secondary-900-rgba bg-opacity-60 dark:bg-black-rgba dark:bg-opacity-80 md:py-20"
    data-testid="Modal__overlay"
  >
    <div
      class="css-1jzz0qm"
      tabindex="-1"
    >
      <div
        class="relative flex min-h-full flex-col overflow-hidden bg-theme-background shadow-2xl sm:mb-0 md:h-auto md:rounded-2.5xl px-10 pb-24 pt-10 sm:pb-10"
        data-testid="Modal__inner"
      >
        <div
          class="absolute right-0 top-0 z-10 mr-4 mt-4 rounded bg-theme-primary-100 transition-all duration-100 ease-linear hover:bg-theme-primary-300 dark:bg-theme-secondary-800 dark:text-theme-secondary-600 dark:hover:bg-theme-secondary-700 dark:hover:text-theme-secondary-400 md:mr-8 md:mt-8"
        >
          <button
            class="p-3 relative items-center inline-flex justify-center font-semibold leading-tight text-center transition-colors-shadow duration-100 ease-linear outline-none focus:outline-none focus:ring-2 focus:ring-theme-primary-400 disabled:cursor-not-allowed rounded border-none h-8 w-8"
            data-testid="Modal__close-button"
            type="button"
          >
            <div
              class="flex items-center space-x-2"
            >
              <div
                class="css-v0ob3f"
                height="16"
                width="16"
              >
                <svg
                  id="cross"
                  viewBox="0 0 20 20"
                  x="0"
                  xml:space="preserve"
                  xmlns="http://www.w3.org/2000/svg"
                  y="0"
                >
                  <g
                    fill="none"
                    stroke="currentColor"
                    stroke-linecap="round"
                    stroke-linejoin="round"
                    stroke-width="2"
                  >
                    <path
                      d="M.954 18.981l18-18M18.954 18.981l-18-18"
                    />
                  </g>
                </svg>
              </div>
            </div>
          </button>
        </div>
        <div
          class="relative flex flex-1 flex-col space-y-1.5"
        >
          <h2
            class="mb-0 mt-1 text-lg font-bold md:pt-0 md:text-2xl"
          >
            Confirm Transaction
          </h2>
          <div
            class="flex flex-1 flex-col"
          >
            <div
              class="my-8 text-theme-secondary-text"
            >
              You have unconfirmed transactions which will affect your balance when confirmed. Are you sure you wish to continue?
            </div>
            <div
              class="relative"
              data-testid="TransactionTable"
            >
              <div
                class="css-1m6rt2i"
                role="table"
              >
                <table
                  cellpadding="0"
                  class="w-full table-auto"
                >
                  <thead>
                    <tr
                      role="row"
                    >
                      <th
                        class="group relative text-sm text-left select-none text-theme-secondary-700 border-theme-secondary-300 dark:text-theme-secondary-500 dark:border-theme-secondary-800 m-0 p-3 first:pl-6 last:pr-6 font-semibold bg-theme-secondary-100 dark:bg-theme-secondary-800 first:rounded-tl-table last:rounded-tr-table"
                        colspan="1"
                        data-testid="table__th--0"
                        role="columnheader"
                        style="cursor: pointer;"
                        title="Toggle SortBy"
                      >
                        <div
                          class="flex flex-inline align-top"
                        >
                          <div
                            class=""
                          >
                            Date
                          </div>
                          <div
                            class="flex items-center text-theme-secondary-500 dark:text-theme-secondary-700 transition-opacity opacity-0 group-hover:opacity-100 ml-2"
                          >
                            <div
                              class="transition-transform css-15txs7d"
                              height="10"
                              role="img"
                              width="10"
                            >
                              <svg
                                id="chevron-down-small"
                                viewBox="0 0 10 10"
                                x="0"
                                xml:space="preserve"
                                xmlns="http://www.w3.org/2000/svg"
                                y="0"
                              >
                                <path
                                  d="M9 3.1L5.2 6.9c-.1.1-.3.1-.4 0L1 3.1"
                                  fill="none"
                                  stroke="currentColor"
                                  stroke-linecap="round"
                                  stroke-linejoin="round"
                                  stroke-width="2"
                                />
                              </svg>
                            </div>
                          </div>
                        </div>
                      </th>
                      <th
                        class="group relative text-sm text-left select-none text-theme-secondary-700 border-theme-secondary-300 dark:text-theme-secondary-500 dark:border-theme-secondary-800 m-0 p-3 first:pl-6 last:pr-6 font-semibold bg-theme-secondary-100 dark:bg-theme-secondary-800 first:rounded-tl-table last:rounded-tr-table w-96 min-w-96"
                        colspan="1"
                        data-testid="table__th--1"
                        role="columnheader"
                      >
                        <div
                          class="flex flex-inline align-top"
                        >
                          <div
                            class=""
                          >
                            Recipient
                          </div>
                        </div>
                      </th>
                      <th
                        class="group relative text-sm text-left select-none text-theme-secondary-700 border-theme-secondary-300 dark:text-theme-secondary-500 dark:border-theme-secondary-800 m-0 p-3 first:pl-6 last:pr-6 font-semibold bg-theme-secondary-100 dark:bg-theme-secondary-800 first:rounded-tl-table last:rounded-tr-table"
                        colspan="1"
                        data-testid="table__th--2"
                        role="columnheader"
                        style="cursor: pointer;"
                        title="Toggle SortBy"
                      >
                        <div
                          class="flex flex-inline align-top justify-end flex-row-reverse"
                        >
                          <div
                            class=""
                          >
                            Amount
                          </div>
                          <div
                            class="flex items-center text-theme-secondary-500 dark:text-theme-secondary-700 transition-opacity opacity-0 group-hover:opacity-100 ml-auto mr-2"
                          >
                            <div
                              class="transition-transform rotate-180 css-15txs7d"
                              height="10"
                              role="img"
                              width="10"
                            >
                              <svg
                                id="chevron-down-small"
                                viewBox="0 0 10 10"
                                x="0"
                                xml:space="preserve"
                                xmlns="http://www.w3.org/2000/svg"
                                y="0"
                              >
                                <path
                                  d="M9 3.1L5.2 6.9c-.1.1-.3.1-.4 0L1 3.1"
                                  fill="none"
                                  stroke="currentColor"
                                  stroke-linecap="round"
                                  stroke-linejoin="round"
                                  stroke-width="2"
                                />
                              </svg>
                            </div>
                          </div>
                        </div>
                      </th>
                    </tr>
                  </thead>
                  <tbody
                    role="rowgroup"
                  />
                </table>
              </div>
            </div>
            <div
              class="css-j6ajdm"
            >
              <button
                class="px-5 py-3 space-x-3 text-base relative items-center inline-flex justify-center font-semibold leading-tight text-center transition-colors-shadow duration-100 ease-linear outline-none focus:outline-none focus:ring-2 focus:ring-theme-primary-400 disabled:cursor-not-allowed rounded dark:bg-theme-secondary-800 dark:text-theme-secondary-200 bg-theme-primary-100 text-theme-primary-600 hover:bg-theme-primary-700 hover:text-white"
                data-testid="ConfirmSendTransaction__cancel"
                type="button"
              >
                <div
                  class="flex items-center space-x-2"
                >
                  Back
                </div>
              </button>
              <button
                class="px-5 py-3 space-x-3 text-base relative items-center inline-flex justify-center font-semibold leading-tight text-center transition-colors-shadow duration-100 ease-linear outline-none focus:outline-none focus:ring-2 focus:ring-theme-primary-400 disabled:cursor-not-allowed rounded text-white bg-theme-primary-600 hover:bg-theme-primary-700"
                data-testid="ConfirmSendTransaction__confirm"
                type="submit"
              >
                <div
                  class="flex items-center space-x-2"
                >
                  Continue
                </div>
              </button>
            </div>
          </div>
        </div>
      </div>
    </div>
  </div>
</DocumentFragment>
`;
