// Vitest Snapshot v1, https://vitest.dev/guide/snapshot.html

exports[`HeaderSearchInput > should render 1`] = `
<DocumentFragment>
  <div
    class="relative"
    data-testid="HeaderSearchInput"
  >
    <div
      class="dark:border dark:border-theme-secondary-800 xs:[min-width:300px] sm:[min-width:448px] flex items-center overflow-hidden rounded-lg border border-theme-secondary-400 bg-theme-background px-4 text-base dark:border-theme-secondary-700"
      data-testid="HeaderSearchInput__input"
    >
      <button
        class="transition-all duration-300 focus:outline-none"
        data-testid="HeaderSearchInput__input__reset"
        type="button"
      >
        <div
          class="text-theme-text transition-all duration-300 w-0"
        >
          <div
            style="height: 16px; width: 16px;"
          >
            <svg
              id="cross"
              style="height: 100%; width: 100%;"
              viewBox="0 0 20 20"
              x="0"
              xml:space="preserve"
              xmlns="http://www.w3.org/2000/svg"
              y="0"
            >
              <g
                fill="none"
                stroke="currentColor"
                stroke-linecap="round"
                stroke-linejoin="round"
                stroke-width="2"
              >
                <path
                  d="M.954 18.981l18-18M18.954 18.981l-18-18"
                />
              </g>
            </svg>
          </div>
        </div>
      </button>
      <div
        class="flex-1"
      >
        <div
          class="-ml-4 css-1sdc56v"
        >
          <div
            class="relative flex h-full flex-1"
          >
            <input
              autocomplete="off"
              class="no-ligatures w-full border-none !text-sm placeholder:text-theme-secondary-400 dark:placeholder:text-theme-secondary-700 sm:!text-base css-1937ogs"
              data-testid="HeaderSearchInput__input__input"
              placeholder="Search..."
              type="text"
              value=""
            />
          </div>
        </div>
      </div>
      <div
        class="text-theme-secondary-700 dark:text-theme-secondary-600"
      >
        <div
          style="height: 20px; width: 20px;"
        >
          <svg
            fill="none"
            style="height: 100%; width: 100%;"
            viewBox="0 0 16 16"
            xmlns="http://www.w3.org/2000/svg"
          >
            <g
              clip-path="url(#clip0_13375_36442)"
              id="Vertical container"
            >
              <g
                id="Vertical container_2"
              >
                <path
                  d="M10.5038 13.9035C13.7838 12.5435 15.3038 8.70355 13.9438 5.50355C12.5838 2.22355 8.74379 0.783547 5.54379 2.06355C2.34379 3.34355 0.743788 7.26355 2.10379 10.4635C3.54379 13.7435 7.22379 15.2635 10.5038 13.9035Z"
                  id="Vector"
                  stroke="currentColor"
                  stroke-linecap="round"
                  stroke-linejoin="round"
                  stroke-width="1.6"
                />
                <path
                  d="M12.8281 12.7832L14.4281 14.3832"
                  id="Vector_2"
                  stroke="currentColor"
                  stroke-linecap="round"
                  stroke-linejoin="round"
                  stroke-width="1.6"
                />
              </g>
            </g>
            <defs>
              <clippath
                id="clip0_13375_36442"
              >
                <rect
                  fill="transparent"
                  height="16"
                  width="16"
                />
              </clippath>
            </defs>
          </svg>
        </div>
      </div>
    </div>
  </div>
</DocumentFragment>
`;
