// Jest Snapshot v1, https://goo.gl/fbAQLP

exports[`TransactionTimestamp should render 1`] = `
<div>
  <div
    class="no-ligatures css-19rivvh"
    data-testid="TransactionTimestamp"
  >
    <div
      class="w-40 flex-1 space-y-2 whitespace-nowrap"
      data-testid="TransactionDetail--desktop"
    >
      <div
        class="no-ligatures text-sm font-semibold text-theme-secondary-500 dark:text-theme-secondary-700"
      >
        Timestamp
      </div>
      <div
        class="flex items-center font-semibold"
      >
        31.07.2020 4:34 PM
      </div>
    </div>
  </div>
</div>
`;
